#
# There is insufficient memory for the Java Runtime Environment to continue.
# Native memory allocation (malloc) failed to allocate 1971392 bytes. Error detail: Chunk::new
# Possible reasons:
#   The system is out of physical RAM or swap space
#   This process is running with CompressedOops enabled, and the Java Heap may be blocking the growth of the native heap
# Possible solutions:
#   Reduce memory load on the system
#   Increase physical memory or swap space
#   Check if swap backing store is full
#   Decrease Java heap size (-Xmx/-Xms)
#   Decrease number of Java threads
#   Decrease Java thread stack sizes (-Xss)
#   Set larger code cache with -XX:ReservedCodeCacheSize=
#   JVM is running with Unscaled Compressed Oops mode in which the Java heap is
#     placed in the first 4GB address space. The Java Heap base address is the
#     maximum limit for the native heap growth. Please use -XX:HeapBaseMinAddress
#     to set the Java Heap base and to place the Java Heap above 4GB virtual address.
# This output file may be truncated or incomplete.
#
#  Out of Memory Error (arena.cpp:168), pid=7328, tid=25008
#
# JRE version: OpenJDK Runtime Environment Temurin-21.0.10+7 (21.0.10+7) (build 21.0.10+7-LTS)
# Java VM: OpenJDK 64-Bit Server VM Temurin-21.0.10+7 (21.0.10+7-LTS, mixed mode, sharing, tiered, compressed oops, compressed class ptrs, parallel gc, windows-amd64)
# No core dump will be written. Minidumps are not enabled by default on client versions of Windows
#

---------------  S U M M A R Y ------------

Command Line: --add-modules=ALL-SYSTEM --add-opens=java.base/java.util=ALL-UNNAMED --add-opens=java.base/java.lang=ALL-UNNAMED --add-opens=java.base/sun.nio.fs=ALL-UNNAMED -Declipse.application=org.eclipse.jdt.ls.core.id1 -Dosgi.bundles.defaultStartLevel=4 -Declipse.product=org.eclipse.jdt.ls.core.product -Djava.import.generatesMetadataFilesAtProjectRoot=false -DDetectVMInstallationsJob.disabled=true -Dfile.encoding=utf8 -XX:+UseParallelGC -XX:GCTimeRatio=4 -XX:AdaptiveSizePolicyWeight=90 -Dsun.zip.disableMemoryMapping=true -Xmx2G -Xms100m -Xlog:disable -javaagent:c:\Users\roiga\.cursor\extensions\redhat.java-1.54.0-win32-x64\lombok\lombok-1.18.39-4050.jar -XX:+HeapDumpOnOutOfMemoryError -XX:HeapDumpPath=c:\Users\roiga\AppData\Roaming\Cursor\User\workspaceStorage\56e6aacf3acd6f67362f78f1046d6685\redhat.java -Daether.dependencyCollector.impl=bf c:\Users\roiga\.cursor\extensions\redhat.java-1.54.0-win32-x64\server\plugins\org.eclipse.equinox.launcher_1.7.100.v20251111-0406.jar -configuration c:\Users\roiga\AppData\Roaming\Cursor\User\globalStorage\redhat.java\1.54.0\config_win -data c:\Users\roiga\AppData\Roaming\Cursor\User\workspaceStorage\56e6aacf3acd6f67362f78f1046d6685\redhat.java\jdt_ws --pipe=\\.\pipe\lsp-72ce773d35634d4556a0feeac614510d-sock

Host: Intel(R) Core(TM) i5-10210U CPU @ 1.60GHz, 8 cores, 7G,  Windows 11 , 64 bit Build 26100 (10.0.26100.8521)
Time: Fri Jun 19 11:09:16 2026 Temps universel coordonné elapsed time: 90.423120 seconds (0d 0h 1m 30s)

---------------  T H R E A D  ---------------

Current thread (0x000002c326ad4260):  JavaThread "C2 CompilerThread0" daemon [_thread_in_native, id=25008, stack(0x000000d084e00000,0x000000d084f00000) (1024K)]


Current CompileTask:
C2:90423 13241   !   4       lombok.core.AST::buildWithField0 (121 bytes)

Stack: [0x000000d084e00000,0x000000d084f00000]
Native frames: (J=compiled Java code, j=interpreted, Vv=VM code, C=native code)
V  [jvm.dll+0x6d7a39]
V  [jvm.dll+0x8b4b26]
V  [jvm.dll+0x8b70de]
V  [jvm.dll+0x8b77c3]
V  [jvm.dll+0x284346]
V  [jvm.dll+0xc66ed]
V  [jvm.dll+0xc6c31]
V  [jvm.dll+0x3bec3b]
V  [jvm.dll+0x1e3d62]
V  [jvm.dll+0x24c6b3]
V  [jvm.dll+0x24bb40]
V  [jvm.dll+0x1cb34e]
V  [jvm.dll+0x25b85d]
V  [jvm.dll+0x259dea]
V  [jvm.dll+0x3f857e]
V  [jvm.dll+0x85f59d]
V  [jvm.dll+0x6d626d]
C  [ucrtbase.dll+0x2cd30]
C  [KERNEL32.DLL+0x2e957]
C  [ntdll.dll+0x87c1c]


---------------  P R O C E S S  ---------------

Threads class SMR info:
_java_thread_list=0x000002c371e50cf0, length=47, elements={
0x000002c30e361800, 0x000002c30e41ce50, 0x000002c326ac6420, 0x000002c326ac80c0,
0x000002c326acef30, 0x000002c326acf5a0, 0x000002c326ad0000, 0x000002c326ad4260,
0x000002c3695ae6a0, 0x000002c36975f5d0, 0x000002c3697d8570, 0x000002c36e4c54a0,
0x000002c36e467090, 0x000002c36e7a7e80, 0x000002c3695fd690, 0x000002c36e8e4e20,
0x000002c369592030, 0x000002c369727290, 0x000002c36e7f2160, 0x000002c36e7f0090,
0x000002c36e7f0720, 0x000002c36e7f1440, 0x000002c36e7f1ad0, 0x000002c36e7f3510,
0x000002c3702928f0, 0x000002c370292f80, 0x000002c370291bd0, 0x000002c370293ca0,
0x000002c370292260, 0x000002c370294330, 0x000002c370293610, 0x000002c370297120,
0x000002c3702956e0, 0x000002c370295d70, 0x000002c3702949c0, 0x000002c370296400,
0x000002c370297e40, 0x000002c3702984d0, 0x000002c370298b60, 0x000002c371e0abf0,
0x000002c371e09840, 0x000002c371e09ed0, 0x000002c371e0b280, 0x000002c371e0a560,
0x000002c371000000, 0x000002c36f2e8350, 0x000002c36f2eb300
}

Java Threads: ( => current thread )
  0x000002c30e361800 JavaThread "main"                              [_thread_blocked, id=22968, stack(0x000000d084400000,0x000000d084500000) (1024K)]
  0x000002c30e41ce50 JavaThread "Reference Handler"          daemon [_thread_blocked, id=25236, stack(0x000000d084800000,0x000000d084900000) (1024K)]
  0x000002c326ac6420 JavaThread "Finalizer"                  daemon [_thread_blocked, id=26364, stack(0x000000d084900000,0x000000d084a00000) (1024K)]
  0x000002c326ac80c0 JavaThread "Signal Dispatcher"          daemon [_thread_blocked, id=10156, stack(0x000000d084a00000,0x000000d084b00000) (1024K)]
  0x000002c326acef30 JavaThread "Attach Listener"            daemon [_thread_blocked, id=17840, stack(0x000000d084b00000,0x000000d084c00000) (1024K)]
  0x000002c326acf5a0 JavaThread "Service Thread"             daemon [_thread_blocked, id=18960, stack(0x000000d084c00000,0x000000d084d00000) (1024K)]
  0x000002c326ad0000 JavaThread "Monitor Deflation Thread"   daemon [_thread_blocked, id=26588, stack(0x000000d084d00000,0x000000d084e00000) (1024K)]
=>0x000002c326ad4260 JavaThread "C2 CompilerThread0"         daemon [_thread_in_native, id=25008, stack(0x000000d084e00000,0x000000d084f00000) (1024K)]
  0x000002c3695ae6a0 JavaThread "C1 CompilerThread0"         daemon [_thread_in_native, id=6636, stack(0x000000d084f00000,0x000000d085000000) (1024K)]
  0x000002c36975f5d0 JavaThread "Common-Cleaner"             daemon [_thread_blocked, id=28244, stack(0x000000d085000000,0x000000d085100000) (1024K)]
  0x000002c3697d8570 JavaThread "Notification Thread"        daemon [_thread_blocked, id=27616, stack(0x000000d085100000,0x000000d085200000) (1024K)]
  0x000002c36e4c54a0 JavaThread "Active Thread: Equinox Container: 8e935033-5c18-451d-89f7-94665796d506"        [_thread_blocked, id=11688, stack(0x000000d085800000,0x000000d085900000) (1024K)]
  0x000002c36e467090 JavaThread "Refresh Thread: Equinox Container: 8e935033-5c18-451d-89f7-94665796d506" daemon [_thread_blocked, id=4304, stack(0x000000d085a00000,0x000000d085b00000) (1024K)]
  0x000002c36e7a7e80 JavaThread "Framework Event Dispatcher: Equinox Container: 8e935033-5c18-451d-89f7-94665796d506" daemon [_thread_blocked, id=9608, stack(0x000000d085c00000,0x000000d085d00000) (1024K)]
  0x000002c3695fd690 JavaThread "Start Level: Equinox Container: 8e935033-5c18-451d-89f7-94665796d506" daemon [_thread_blocked, id=9332, stack(0x000000d085d00000,0x000000d085e00000) (1024K)]
  0x000002c36e8e4e20 JavaThread "Bundle File Closer"         daemon [_thread_blocked, id=22228, stack(0x000000d085e00000,0x000000d085f00000) (1024K)]
  0x000002c369592030 JavaThread "SCR Component Actor"        daemon [_thread_blocked, id=26868, stack(0x000000d085b00000,0x000000d085c00000) (1024K)]
  0x000002c369727290 JavaThread "Worker-JM"                         [_thread_blocked, id=10664, stack(0x000000d085f00000,0x000000d086000000) (1024K)]
  0x000002c36e7f2160 JavaThread "JNA Cleaner"                daemon [_thread_blocked, id=16692, stack(0x000000d086100000,0x000000d086200000) (1024K)]
  0x000002c36e7f0090 JavaThread "Worker-0"                          [_thread_blocked, id=17808, stack(0x000000d086200000,0x000000d086300000) (1024K)]
  0x000002c36e7f0720 JavaThread "Worker-1: Java indexing... "        [_thread_blocked, id=22636, stack(0x000000d086300000,0x000000d086400000) (1024K)]
  0x000002c36e7f1440 JavaThread "Worker-2: Initialize workspace"        [_thread_in_vm, id=27152, stack(0x000000d086400000,0x000000d086500000) (1024K)]
  0x000002c36e7f1ad0 JavaThread "Java indexing"              daemon [_thread_in_vm, id=21812, stack(0x000000d086600000,0x000000d086700000) (1024K)]
  0x000002c36e7f3510 JavaThread "Worker-3"                          [_thread_blocked, id=5124, stack(0x000000d086900000,0x000000d086a00000) (1024K)]
  0x000002c3702928f0 JavaThread "Worker-4"                          [_thread_blocked, id=23020, stack(0x000000d086a00000,0x000000d086b00000) (1024K)]
  0x000002c370292f80 JavaThread "Thread-1"                   daemon [_thread_in_native, id=28496, stack(0x000000d086b00000,0x000000d086c00000) (1024K)]
  0x000002c370291bd0 JavaThread "Thread-2"                   daemon [_thread_in_native, id=15240, stack(0x000000d086c00000,0x000000d086d00000) (1024K)]
  0x000002c370293ca0 JavaThread "Thread-3"                   daemon [_thread_in_native, id=6208, stack(0x000000d086d00000,0x000000d086e00000) (1024K)]
  0x000002c370292260 JavaThread "Thread-4"                   daemon [_thread_in_native, id=22312, stack(0x000000d086e00000,0x000000d086f00000) (1024K)]
  0x000002c370294330 JavaThread "Thread-5"                   daemon [_thread_in_native, id=5148, stack(0x000000d086f00000,0x000000d087000000) (1024K)]
  0x000002c370293610 JavaThread "Thread-6"                   daemon [_thread_in_native, id=12284, stack(0x000000d087000000,0x000000d087100000) (1024K)]
  0x000002c370297120 JavaThread "Thread-7"                   daemon [_thread_in_native, id=25584, stack(0x000000d087100000,0x000000d087200000) (1024K)]
  0x000002c3702956e0 JavaThread "Thread-8"                   daemon [_thread_in_native, id=9368, stack(0x000000d087200000,0x000000d087300000) (1024K)]
  0x000002c370295d70 JavaThread "Thread-9"                   daemon [_thread_in_native, id=26332, stack(0x000000d087300000,0x000000d087400000) (1024K)]
  0x000002c3702949c0 JavaThread "pool-2-thread-1"                   [_thread_blocked, id=28220, stack(0x000000d087400000,0x000000d087500000) (1024K)]
  0x000002c370296400 JavaThread "WorkspaceEventsHandler"            [_thread_blocked, id=23640, stack(0x000000d087600000,0x000000d087700000) (1024K)]
  0x000002c370297e40 JavaThread "pool-1-thread-1"                   [_thread_blocked, id=19488, stack(0x000000d087700000,0x000000d087800000) (1024K)]
  0x000002c3702984d0 JavaThread "ForkJoinPool.commonPool-worker-1" daemon [_thread_blocked, id=19228, stack(0x000000d086500000,0x000000d086600000) (1024K)]
  0x000002c370298b60 JavaThread "ForkJoinPool.commonPool-worker-2" daemon [_thread_blocked, id=26512, stack(0x000000d087800000,0x000000d087900000) (1024K)]
  0x000002c371e0abf0 JavaThread "ForkJoinPool.commonPool-worker-3" daemon [_thread_blocked, id=25744, stack(0x000000d087900000,0x000000d087a00000) (1024K)]
  0x000002c371e09840 JavaThread "ForkJoinPool.commonPool-worker-4" daemon [_thread_blocked, id=2392, stack(0x000000d087a00000,0x000000d087b00000) (1024K)]
  0x000002c371e09ed0 JavaThread "ForkJoinPool.commonPool-worker-5" daemon [_thread_blocked, id=820, stack(0x000000d087b00000,0x000000d087c00000) (1024K)]
  0x000002c371e0b280 JavaThread "ForkJoinPool.commonPool-worker-6" daemon [_thread_blocked, id=22116, stack(0x000000d087c00000,0x000000d087d00000) (1024K)]
  0x000002c371e0a560 JavaThread "ForkJoinPool.commonPool-worker-7" daemon [_thread_blocked, id=16324, stack(0x000000d087d00000,0x000000d087e00000) (1024K)]
  0x000002c371000000 JavaThread "Worker-5"                          [_thread_blocked, id=14380, stack(0x000000d087e00000,0x000000d087f00000) (1024K)]
  0x000002c36f2e8350 JavaThread "C2 CompilerThread1"         daemon [_thread_in_native, id=27400, stack(0x000000d084300000,0x000000d084400000) (1024K)]
  0x000002c36f2eb300 JavaThread "C2 CompilerThread2"         daemon [_thread_in_native, id=1128, stack(0x000000d084100000,0x000000d084200000) (1024K)]
Total: 47

Other Threads:
  0x000002c30e401850 VMThread "VM Thread"                           [id=25356, stack(0x000000d084700000,0x000000d084800000) (1024K)]
  0x000002c3269dca00 WatcherThread "VM Periodic Task Thread"        [id=26676, stack(0x000000d084600000,0x000000d084700000) (1024K)]
  0x000002c30e37f190 WorkerThread "GC Thread#0"                     [id=19532, stack(0x000000d084500000,0x000000d084600000) (1024K)]
  0x000002c36e291890 WorkerThread "GC Thread#1"                     [id=25736, stack(0x000000d085200000,0x000000d085300000) (1024K)]
  0x000002c36e1785a0 WorkerThread "GC Thread#2"                     [id=28268, stack(0x000000d085300000,0x000000d085400000) (1024K)]
  0x000002c36e1824a0 WorkerThread "GC Thread#3"                     [id=19732, stack(0x000000d085400000,0x000000d085500000) (1024K)]
  0x000002c36e182850 WorkerThread "GC Thread#4"                     [id=18168, stack(0x000000d085500000,0x000000d085600000) (1024K)]
  0x000002c36e291c40 WorkerThread "GC Thread#5"                     [id=2704, stack(0x000000d085600000,0x000000d085700000) (1024K)]
  0x000002c36e291ff0 WorkerThread "GC Thread#6"                     [id=20864, stack(0x000000d085700000,0x000000d085800000) (1024K)]
  0x000002c36e463f90 WorkerThread "GC Thread#7"                     [id=18300, stack(0x000000d085900000,0x000000d085a00000) (1024K)]
Total: 10

Threads with active compile tasks:
C2 CompilerThread0  90467 13241   !   4       lombok.core.AST::buildWithField0 (121 bytes)
C2 CompilerThread1  90467 13240       4       lombok.core.AST::buildWithField (21 bytes)
C2 CompilerThread2  90467 13283       4       lombok.eclipse.handlers.EclipseHandlerUtil::typeMatches (10 bytes)
Total: 3

VM state: not at safepoint (normal execution)

VM Mutex/Monitor currently owned by a thread: None

Heap address: 0x0000000080000000, size: 2048 MB, Compressed Oops mode: 32-bit

CDS archive(s) mapped at: [0x000002c327000000-0x000002c327ba0000-0x000002c327ba0000), size 12189696, SharedBaseAddress: 0x000002c327000000, ArchiveRelocationMode: 1.
Compressed class space mapped at: 0x000002c328000000-0x000002c368000000, reserved size: 1073741824
Narrow klass base: 0x000002c327000000, Narrow klass shift: 0, Narrow klass range: 0x100000000

GC Precious Log:
 CardTable entry size: 512
 CPUs: 8 total, 8 available
 Memory: 8025M
 Large Page Support: Disabled
 NUMA Support: Disabled
 Compressed Oops: Enabled (32-bit)
 Alignments: Space 512K, Generation 512K, Heap 2M
 Heap Min Capacity: 100M
 Heap Initial Capacity: 100M
 Heap Max Capacity: 2G
 Pre-touch: Disabled
 Parallel Workers: 8

Heap:
 PSYoungGen      total 3072K, used 2619K [0x00000000d5580000, 0x00000000d5b80000, 0x0000000100000000)
  eden space 2560K, 82% used [0x00000000d5580000,0x00000000d5792e40,0x00000000d5800000)
  from space 512K, 96% used [0x00000000d5b00000,0x00000000d5b7c010,0x00000000d5b80000)
  to   space 1024K, 0% used [0x00000000d5980000,0x00000000d5980000,0x00000000d5a80000)
 ParOldGen       total 319488K, used 319231K [0x0000000080000000, 0x0000000093800000, 0x00000000d5580000)
  object space 319488K, 99% used [0x0000000080000000,0x00000000937bfd18,0x0000000093800000)
 Metaspace       used 72322K, committed 73920K, reserved 1179648K
  class space    used 7681K, committed 8384K, reserved 1048576K

Card table byte_map: [0x000002c321e40000,0x000002c322250000] _byte_map_base: 0x000002c321a40000

Marking Bits: (ParMarkBitMap*) 0x00007ffe7bb63450
 Begin Bits: [0x000002c322500000, 0x000002c324500000)
 End Bits:   [0x000002c324500000, 0x000002c326500000)

Polling page: 0x000002c30e040000

Metaspace:

Usage:
  Non-class:     63.13 MB used.
      Class:      7.50 MB used.
       Both:     70.63 MB used.

Virtual space:
  Non-class space:      128.00 MB reserved,      64.00 MB ( 50%) committed,  2 nodes.
      Class space:        1.00 GB reserved,       8.19 MB ( <1%) committed,  1 nodes.
             Both:        1.12 GB reserved,      72.19 MB (  6%) committed. 

Chunk freelists:
   Non-Class:  15.91 MB
       Class:  7.76 MB
        Both:  23.67 MB

MaxMetaspaceSize: unlimited
CompressedClassSpaceSize: 1.00 GB
Initial GC threshold: 21.00 MB
Current GC threshold: 97.31 MB
CDS: on
 - commit_granule_bytes: 65536.
 - commit_granule_words: 8192.
 - virtual_space_node_default_size: 8388608.
 - enlarge_chunks_in_place: 1.
 - use_allocation_guard: 0.


Internal statistics:

num_allocs_failed_limit: 9.
num_arena_births: 1348.
num_arena_deaths: 14.
num_vsnodes_births: 3.
num_vsnodes_deaths: 0.
num_space_committed: 1155.
num_space_uncommitted: 0.
num_chunks_returned_to_freelist: 23.
num_chunks_taken_from_freelist: 4715.
num_chunk_merges: 11.
num_chunk_splits: 2832.
num_chunks_enlarged: 1514.
num_inconsistent_stats: 0.

CodeHeap 'non-profiled nmethods': size=120000Kb used=10142Kb max_used=10142Kb free=109858Kb
 bounds [0x000002c31a730000, 0x000002c31b120000, 0x000002c321c60000]
CodeHeap 'profiled nmethods': size=120000Kb used=29229Kb max_used=29229Kb free=90770Kb
 bounds [0x000002c312c60000, 0x000002c3148f0000, 0x000002c31a190000]
CodeHeap 'non-nmethods': size=5760Kb used=1487Kb max_used=1579Kb free=4272Kb
 bounds [0x000002c31a190000, 0x000002c31a400000, 0x000002c31a730000]
CodeCache: size=245760Kb, used=40858Kb, max_used=40950Kb, free=204900Kb
 total_blobs=13208, nmethods=12401, adapters=712, full_count=0
Compilation: enabled, stopped_count=0, restarted_count=0

Compilation events (20 events):
Event: 89.181 Thread 0x000002c3695ae6a0 13288       3       org.eclipse.jdt.internal.compiler.lookup.PackageBinding::hasCompilationUnit (101 bytes)
Event: 89.182 Thread 0x000002c3695ae6a0 nmethod 13288 0x000002c3148d1f90 code [0x000002c3148d21a0, 0x000002c3148d28a0]
Event: 89.196 Thread 0x000002c3695ae6a0 13289       1       org.eclipse.jdt.internal.compiler.ASTVisitor::visit (2 bytes)
Event: 89.196 Thread 0x000002c3695ae6a0 nmethod 13289 0x000002c31b116390 code [0x000002c31b116520, 0x000002c31b1165e8]
Event: 89.226 Thread 0x000002c3695ae6a0 13290       3       org.eclipse.jdt.core.compiler.CharOperation::concatWith (158 bytes)
Event: 89.227 Thread 0x000002c3695ae6a0 nmethod 13290 0x000002c3148d2a90 code [0x000002c3148d2ca0, 0x000002c3148d33c8]
Event: 89.234 Thread 0x000002c3695ae6a0 13291       3       org.eclipse.jdt.internal.compiler.lookup.Scope::getBaseType (442 bytes)
Event: 89.235 Thread 0x000002c3695ae6a0 nmethod 13291 0x000002c3148d3710 code [0x000002c3148d39a0, 0x000002c3148d49d8]
Event: 89.235 Thread 0x000002c3695ae6a0 13292       3       org.eclipse.jdt.internal.compiler.ast.TypeReference::internalResolveType (390 bytes)
Event: 89.239 Thread 0x000002c3695ae6a0 nmethod 13292 0x000002c3148d4d90 code [0x000002c3148d5240, 0x000002c3148d7680]
Event: 89.239 Thread 0x000002c3695ae6a0 13294       3       org.eclipse.jdt.internal.compiler.ast.TypeReference::resolveType (7 bytes)
Event: 89.239 Thread 0x000002c3695ae6a0 nmethod 13294 0x000002c3148d7f90 code [0x000002c3148d8140, 0x000002c3148d8310]
Event: 89.239 Thread 0x000002c3695ae6a0 13293       1       org.eclipse.jdt.internal.compiler.lookup.BaseTypeBinding::kind (4 bytes)
Event: 89.239 Thread 0x000002c3695ae6a0 nmethod 13293 0x000002c31b116690 code [0x000002c31b116820, 0x000002c31b1168e8]
Event: 89.239 Thread 0x000002c3695ae6a0 13295       1       org.eclipse.jdt.internal.compiler.lookup.ArrayBinding::kind (3 bytes)
Event: 89.240 Thread 0x000002c3695ae6a0 nmethod 13295 0x000002c31b116990 code [0x000002c31b116b20, 0x000002c31b116be8]
Event: 89.278 Thread 0x000002c3695ae6a0 13296   !   3       org.eclipse.jdt.internal.compiler.lookup.BinaryTypeBinding::resolveTypesFor (295 bytes)
Event: 89.279 Thread 0x000002c3695ae6a0 nmethod 13296 0x000002c3148d8410 code [0x000002c3148d86a0, 0x000002c3148d9570]
Event: 89.302 Thread 0x000002c3695ae6a0 13297       3       org.eclipse.jdt.internal.compiler.lookup.MethodScope::problemReporter (18 bytes)
Event: 89.302 Thread 0x000002c3695ae6a0 nmethod 13297 0x000002c3148d9e90 code [0x000002c3148da040, 0x000002c3148da1e0]

GC Heap History (20 events):
Event: 87.345 GC heap before
{Heap before GC invocations=424 (full 3):
 PSYoungGen      total 4096K, used 3743K [0x00000000d5580000, 0x00000000d5b00000, 0x0000000100000000)
  eden space 3584K, 99% used [0x00000000d5580000,0x00000000d58ffc90,0x00000000d5900000)
  from space 512K, 31% used [0x00000000d5a80000,0x00000000d5aa8000,0x00000000d5b00000)
  to   space 512K, 0% used [0x00000000d5900000,0x00000000d5900000,0x00000000d5980000)
 ParOldGen       total 312832K, used 309833K [0x0000000080000000, 0x0000000093180000, 0x00000000d5580000)
  object space 312832K, 99% used [0x0000000080000000,0x0000000092e927d8,0x0000000093180000)
 Metaspace       used 71961K, committed 73600K, reserved 1114112K
  class space    used 7657K, committed 8384K, reserved 1048576K
}
Event: 87.347 GC heap after
{Heap after GC invocations=424 (full 3):
 PSYoungGen      total 4096K, used 480K [0x00000000d5580000, 0x00000000d5b00000, 0x0000000100000000)
  eden space 3584K, 0% used [0x00000000d5580000,0x00000000d5580000,0x00000000d5900000)
  from space 512K, 93% used [0x00000000d5900000,0x00000000d5978020,0x00000000d5980000)
  to   space 1024K, 0% used [0x00000000d5a00000,0x00000000d5a00000,0x00000000d5b00000)
 ParOldGen       total 312832K, used 309945K [0x0000000080000000, 0x0000000093180000, 0x00000000d5580000)
  object space 312832K, 99% used [0x0000000080000000,0x0000000092eae7d8,0x0000000093180000)
 Metaspace       used 71961K, committed 73600K, reserved 1114112K
  class space    used 7657K, committed 8384K, reserved 1048576K
}
Event: 87.850 GC heap before
{Heap before GC invocations=425 (full 3):
 PSYoungGen      total 4096K, used 3986K [0x00000000d5580000, 0x00000000d5b00000, 0x0000000100000000)
  eden space 3584K, 97% used [0x00000000d5580000,0x00000000d58ecb28,0x00000000d5900000)
  from space 512K, 93% used [0x00000000d5900000,0x00000000d5978020,0x00000000d5980000)
  to   space 1024K, 0% used [0x00000000d5a00000,0x00000000d5a00000,0x00000000d5b00000)
 ParOldGen       total 312832K, used 309945K [0x0000000080000000, 0x0000000093180000, 0x00000000d5580000)
  object space 312832K, 99% used [0x0000000080000000,0x0000000092eae7d8,0x0000000093180000)
 Metaspace       used 72010K, committed 73664K, reserved 1114112K
  class space    used 7665K, committed 8384K, reserved 1048576K
}
Event: 87.852 GC heap after
{Heap after GC invocations=425 (full 3):
 PSYoungGen      total 3584K, used 1010K [0x00000000d5580000, 0x00000000d5d00000, 0x0000000100000000)
  eden space 2560K, 0% used [0x00000000d5580000,0x00000000d5580000,0x00000000d5800000)
  from space 1024K, 98% used [0x00000000d5a00000,0x00000000d5afcbe0,0x00000000d5b00000)
  to   space 2048K, 0% used [0x00000000d5800000,0x00000000d5800000,0x00000000d5a00000)
 ParOldGen       total 312832K, used 310323K [0x0000000080000000, 0x0000000093180000, 0x00000000d5580000)
  object space 312832K, 99% used [0x0000000080000000,0x0000000092f0ce68,0x0000000093180000)
 Metaspace       used 72010K, committed 73664K, reserved 1114112K
  class space    used 7665K, committed 8384K, reserved 1048576K
}
Event: 88.014 GC heap before
{Heap before GC invocations=426 (full 3):
 PSYoungGen      total 3584K, used 3540K [0x00000000d5580000, 0x00000000d5d00000, 0x0000000100000000)
  eden space 2560K, 98% used [0x00000000d5580000,0x00000000d57f8578,0x00000000d5800000)
  from space 1024K, 98% used [0x00000000d5a00000,0x00000000d5afcbe0,0x00000000d5b00000)
  to   space 2048K, 0% used [0x00000000d5800000,0x00000000d5800000,0x00000000d5a00000)
 ParOldGen       total 312832K, used 310323K [0x0000000080000000, 0x0000000093180000, 0x00000000d5580000)
  object space 312832K, 99% used [0x0000000080000000,0x0000000092f0ce68,0x0000000093180000)
 Metaspace       used 72010K, committed 73664K, reserved 1114112K
  class space    used 7665K, committed 8384K, reserved 1048576K
}
Event: 88.017 GC heap after
{Heap after GC invocations=426 (full 3):
 PSYoungGen      total 4608K, used 2035K [0x00000000d5580000, 0x00000000d5f00000, 0x0000000100000000)
  eden space 2560K, 0% used [0x00000000d5580000,0x00000000d5580000,0x00000000d5800000)
  from space 2048K, 99% used [0x00000000d5800000,0x00000000d59fce80,0x00000000d5a00000)
  to   space 3584K, 0% used [0x00000000d5b80000,0x00000000d5b80000,0x00000000d5f00000)
 ParOldGen       total 312832K, used 311355K [0x0000000080000000, 0x0000000093180000, 0x00000000d5580000)
  object space 312832K, 99% used [0x0000000080000000,0x000000009300ee48,0x0000000093180000)
 Metaspace       used 72010K, committed 73664K, reserved 1114112K
  class space    used 7665K, committed 8384K, reserved 1048576K
}
Event: 88.083 GC heap before
{Heap before GC invocations=427 (full 3):
 PSYoungGen      total 4608K, used 4595K [0x00000000d5580000, 0x00000000d5f00000, 0x0000000100000000)
  eden space 2560K, 100% used [0x00000000d5580000,0x00000000d5800000,0x00000000d5800000)
  from space 2048K, 99% used [0x00000000d5800000,0x00000000d59fce80,0x00000000d5a00000)
  to   space 3584K, 0% used [0x00000000d5b80000,0x00000000d5b80000,0x00000000d5f00000)
 ParOldGen       total 312832K, used 311355K [0x0000000080000000, 0x0000000093180000, 0x00000000d5580000)
  object space 312832K, 99% used [0x0000000080000000,0x000000009300ee48,0x0000000093180000)
 Metaspace       used 72010K, committed 73664K, reserved 1114112K
  class space    used 7665K, committed 8384K, reserved 1048576K
}
Event: 88.085 GC heap after
{Heap after GC invocations=427 (full 3):
 PSYoungGen      total 5120K, used 2147K [0x00000000d5580000, 0x00000000d5e00000, 0x0000000100000000)
  eden space 2560K, 0% used [0x00000000d5580000,0x00000000d5580000,0x00000000d5800000)
  from space 2560K, 83% used [0x00000000d5b80000,0x00000000d5d98df0,0x00000000d5e00000)
  to   space 2560K, 0% used [0x00000000d5900000,0x00000000d5900000,0x00000000d5b80000)
 ParOldGen       total 313856K, used 313400K [0x0000000080000000, 0x0000000093280000, 0x00000000d5580000)
  object space 313856K, 99% used [0x0000000080000000,0x000000009320e000,0x0000000093280000)
 Metaspace       used 72010K, committed 73664K, reserved 1114112K
  class space    used 7665K, committed 8384K, reserved 1048576K
}
Event: 88.121 GC heap before
{Heap before GC invocations=428 (full 3):
 PSYoungGen      total 5120K, used 4707K [0x00000000d5580000, 0x00000000d5e00000, 0x0000000100000000)
  eden space 2560K, 100% used [0x00000000d5580000,0x00000000d5800000,0x00000000d5800000)
  from space 2560K, 83% used [0x00000000d5b80000,0x00000000d5d98df0,0x00000000d5e00000)
  to   space 2560K, 0% used [0x00000000d5900000,0x00000000d5900000,0x00000000d5b80000)
 ParOldGen       total 313856K, used 313400K [0x0000000080000000, 0x0000000093280000, 0x00000000d5580000)
  object space 313856K, 99% used [0x0000000080000000,0x000000009320e000,0x0000000093280000)
 Metaspace       used 72010K, committed 73664K, reserved 1114112K
  class space    used 7665K, committed 8384K, reserved 1048576K
}
Event: 88.124 GC heap after
{Heap after GC invocations=428 (full 3):
 PSYoungGen      total 5120K, used 2343K [0x00000000d5580000, 0x00000000d5d00000, 0x0000000100000000)
  eden space 2560K, 0% used [0x00000000d5580000,0x00000000d5580000,0x00000000d5800000)
  from space 2560K, 91% used [0x00000000d5900000,0x00000000d5b49e10,0x00000000d5b80000)
  to   space 1536K, 0% used [0x00000000d5b80000,0x00000000d5b80000,0x00000000d5d00000)
 ParOldGen       total 315904K, used 315438K [0x0000000080000000, 0x0000000093480000, 0x00000000d5580000)
  object space 315904K, 99% used [0x0000000080000000,0x000000009340ba88,0x0000000093480000)
 Metaspace       used 72010K, committed 73664K, reserved 1114112K
  class space    used 7665K, committed 8384K, reserved 1048576K
}
Event: 88.275 GC heap before
{Heap before GC invocations=429 (full 3):
 PSYoungGen      total 5120K, used 4903K [0x00000000d5580000, 0x00000000d5d00000, 0x0000000100000000)
  eden space 2560K, 100% used [0x00000000d5580000,0x00000000d5800000,0x00000000d5800000)
  from space 2560K, 91% used [0x00000000d5900000,0x00000000d5b49e10,0x00000000d5b80000)
  to   space 1536K, 0% used [0x00000000d5b80000,0x00000000d5b80000,0x00000000d5d00000)
 ParOldGen       total 315904K, used 315438K [0x0000000080000000, 0x0000000093480000, 0x00000000d5580000)
  object space 315904K, 99% used [0x0000000080000000,0x000000009340ba88,0x0000000093480000)
 Metaspace       used 72029K, committed 73664K, reserved 1114112K
  class space    used 7667K, committed 8384K, reserved 1048576K
}
Event: 88.279 GC heap after
{Heap after GC invocations=429 (full 3):
 PSYoungGen      total 3584K, used 960K [0x00000000d5580000, 0x00000000d5c80000, 0x0000000100000000)
  eden space 2560K, 0% used [0x00000000d5580000,0x00000000d5580000,0x00000000d5800000)
  from space 1024K, 93% used [0x00000000d5b80000,0x00000000d5c70000,0x00000000d5c80000)
  to   space 1536K, 0% used [0x00000000d5980000,0x00000000d5980000,0x00000000d5b00000)
 ParOldGen       total 317952K, used 317598K [0x0000000080000000, 0x0000000093680000, 0x00000000d5580000)
  object space 317952K, 99% used [0x0000000080000000,0x0000000093627a40,0x0000000093680000)
 Metaspace       used 72029K, committed 73664K, reserved 1114112K
  class space    used 7667K, committed 8384K, reserved 1048576K
}
Event: 88.701 GC heap before
{Heap before GC invocations=430 (full 3):
 PSYoungGen      total 3584K, used 3520K [0x00000000d5580000, 0x00000000d5c80000, 0x0000000100000000)
  eden space 2560K, 100% used [0x00000000d5580000,0x00000000d5800000,0x00000000d5800000)
  from space 1024K, 93% used [0x00000000d5b80000,0x00000000d5c70000,0x00000000d5c80000)
  to   space 1536K, 0% used [0x00000000d5980000,0x00000000d5980000,0x00000000d5b00000)
 ParOldGen       total 317952K, used 317598K [0x0000000080000000, 0x0000000093680000, 0x00000000d5580000)
  object space 317952K, 99% used [0x0000000080000000,0x0000000093627a40,0x0000000093680000)
 Metaspace       used 72064K, committed 73664K, reserved 1114112K
  class space    used 7667K, committed 8384K, reserved 1048576K
}
Event: 88.704 GC heap after
{Heap after GC invocations=430 (full 3):
 PSYoungGen      total 4096K, used 608K [0x00000000d5580000, 0x00000000d5c00000, 0x0000000100000000)
  eden space 2560K, 0% used [0x00000000d5580000,0x00000000d5580000,0x00000000d5800000)
  from space 1536K, 39% used [0x00000000d5980000,0x00000000d5a18000,0x00000000d5b00000)
  to   space 1024K, 0% used [0x00000000d5b00000,0x00000000d5b00000,0x00000000d5c00000)
 ParOldGen       total 318464K, used 318422K [0x0000000080000000, 0x0000000093700000, 0x00000000d5580000)
  object space 318464K, 99% used [0x0000000080000000,0x00000000936f5a40,0x0000000093700000)
 Metaspace       used 72064K, committed 73664K, reserved 1114112K
  class space    used 7667K, committed 8384K, reserved 1048576K
}
Event: 88.844 GC heap before
{Heap before GC invocations=431 (full 3):
 PSYoungGen      total 4096K, used 3168K [0x00000000d5580000, 0x00000000d5c00000, 0x0000000100000000)
  eden space 2560K, 100% used [0x00000000d5580000,0x00000000d5800000,0x00000000d5800000)
  from space 1536K, 39% used [0x00000000d5980000,0x00000000d5a18000,0x00000000d5b00000)
  to   space 1024K, 0% used [0x00000000d5b00000,0x00000000d5b00000,0x00000000d5c00000)
 ParOldGen       total 318464K, used 318422K [0x0000000080000000, 0x0000000093700000, 0x00000000d5580000)
  object space 318464K, 99% used [0x0000000080000000,0x00000000936f5a40,0x0000000093700000)
 Metaspace       used 72071K, committed 73664K, reserved 1114112K
  class space    used 7667K, committed 8384K, reserved 1048576K
}
Event: 88.846 GC heap after
{Heap after GC invocations=431 (full 3):
 PSYoungGen      total 3072K, used 256K [0x00000000d5580000, 0x00000000d5b80000, 0x0000000100000000)
  eden space 2560K, 0% used [0x00000000d5580000,0x00000000d5580000,0x00000000d5800000)
  from space 512K, 50% used [0x00000000d5b00000,0x00000000d5b40000,0x00000000d5b80000)
  to   space 512K, 0% used [0x00000000d5a80000,0x00000000d5a80000,0x00000000d5b00000)
 ParOldGen       total 318976K, used 318816K [0x0000000080000000, 0x0000000093780000, 0x00000000d5580000)
  object space 318976K, 99% used [0x0000000080000000,0x0000000093758268,0x0000000093780000)
 Metaspace       used 72071K, committed 73664K, reserved 1114112K
  class space    used 7667K, committed 8384K, reserved 1048576K
}
Event: 88.960 GC heap before
{Heap before GC invocations=432 (full 3):
 PSYoungGen      total 3072K, used 2816K [0x00000000d5580000, 0x00000000d5b80000, 0x0000000100000000)
  eden space 2560K, 100% used [0x00000000d5580000,0x00000000d5800000,0x00000000d5800000)
  from space 512K, 50% used [0x00000000d5b00000,0x00000000d5b40000,0x00000000d5b80000)
  to   space 512K, 0% used [0x00000000d5a80000,0x00000000d5a80000,0x00000000d5b00000)
 ParOldGen       total 318976K, used 318816K [0x0000000080000000, 0x0000000093780000, 0x00000000d5580000)
  object space 318976K, 99% used [0x0000000080000000,0x0000000093758268,0x0000000093780000)
 Metaspace       used 72100K, committed 73728K, reserved 1114112K
  class space    used 7667K, committed 8384K, reserved 1048576K
}
Event: 88.963 GC heap after
{Heap after GC invocations=432 (full 3):
 PSYoungGen      total 3072K, used 416K [0x00000000d5580000, 0x00000000d5b80000, 0x0000000100000000)
  eden space 2560K, 0% used [0x00000000d5580000,0x00000000d5580000,0x00000000d5800000)
  from space 512K, 81% used [0x00000000d5a80000,0x00000000d5ae8000,0x00000000d5b00000)
  to   space 512K, 0% used [0x00000000d5b00000,0x00000000d5b00000,0x00000000d5b80000)
 ParOldGen       total 318976K, used 318956K [0x0000000080000000, 0x0000000093780000, 0x00000000d5580000)
  object space 318976K, 99% used [0x0000000080000000,0x000000009377b278,0x0000000093780000)
 Metaspace       used 72100K, committed 73728K, reserved 1114112K
  class space    used 7667K, committed 8384K, reserved 1048576K
}
Event: 89.116 GC heap before
{Heap before GC invocations=433 (full 3):
 PSYoungGen      total 3072K, used 2976K [0x00000000d5580000, 0x00000000d5b80000, 0x0000000100000000)
  eden space 2560K, 100% used [0x00000000d5580000,0x00000000d5800000,0x00000000d5800000)
  from space 512K, 81% used [0x00000000d5a80000,0x00000000d5ae8000,0x00000000d5b00000)
  to   space 512K, 0% used [0x00000000d5b00000,0x00000000d5b00000,0x00000000d5b80000)
 ParOldGen       total 318976K, used 318956K [0x0000000080000000, 0x0000000093780000, 0x00000000d5580000)
  object space 318976K, 99% used [0x0000000080000000,0x000000009377b278,0x0000000093780000)
 Metaspace       used 72192K, committed 73792K, reserved 1114112K
  class space    used 7669K, committed 8384K, reserved 1048576K
}
Event: 89.118 GC heap after
{Heap after GC invocations=433 (full 3):
 PSYoungGen      total 3072K, used 496K [0x00000000d5580000, 0x00000000d5b80000, 0x0000000100000000)
  eden space 2560K, 0% used [0x00000000d5580000,0x00000000d5580000,0x00000000d5800000)
  from space 512K, 96% used [0x00000000d5b00000,0x00000000d5b7c010,0x00000000d5b80000)
  to   space 1024K, 0% used [0x00000000d5980000,0x00000000d5980000,0x00000000d5a80000)
 ParOldGen       total 319488K, used 319231K [0x0000000080000000, 0x0000000093800000, 0x00000000d5580000)
  object space 319488K, 99% used [0x0000000080000000,0x00000000937bfd18,0x0000000093800000)
 Metaspace       used 72192K, committed 73792K, reserved 1114112K
  class space    used 7669K, committed 8384K, reserved 1048576K
}

Dll operation events (12 events):
Event: 0.027 Loaded shared library c:\Users\roiga\.cursor\extensions\redhat.java-1.54.0-win32-x64\jre\21.0.10-win32-x86_64\bin\java.dll
Event: 0.224 Loaded shared library c:\Users\roiga\.cursor\extensions\redhat.java-1.54.0-win32-x64\jre\21.0.10-win32-x86_64\bin\zip.dll
Event: 0.273 Loaded shared library C:\Users\roiga\.cursor\extensions\redhat.java-1.54.0-win32-x64\jre\21.0.10-win32-x86_64\bin\instrument.dll
Event: 0.286 Loaded shared library C:\Users\roiga\.cursor\extensions\redhat.java-1.54.0-win32-x64\jre\21.0.10-win32-x86_64\bin\net.dll
Event: 0.290 Loaded shared library C:\Users\roiga\.cursor\extensions\redhat.java-1.54.0-win32-x64\jre\21.0.10-win32-x86_64\bin\nio.dll
Event: 0.296 Loaded shared library C:\Users\roiga\.cursor\extensions\redhat.java-1.54.0-win32-x64\jre\21.0.10-win32-x86_64\bin\zip.dll
Event: 0.335 Loaded shared library C:\Users\roiga\.cursor\extensions\redhat.java-1.54.0-win32-x64\jre\21.0.10-win32-x86_64\bin\jimage.dll
Event: 0.490 Loaded shared library c:\Users\roiga\.cursor\extensions\redhat.java-1.54.0-win32-x64\jre\21.0.10-win32-x86_64\bin\verify.dll
Event: 12.742 Loaded shared library C:\Users\roiga\AppData\Roaming\Cursor\User\globalStorage\redhat.java\1.54.0\config_win\org.eclipse.equinox.launcher\org.eclipse.equinox.launcher.win32.win32.x86_64_1.3.0.v20260203-2149\eclipse_11919.dll
Event: 30.113 Loaded shared library C:\Users\roiga\AppData\Local\Temp\jna-108692390\jna8415215498190295967.dll
Event: 36.351 Loaded shared library C:\Users\roiga\.cursor\extensions\redhat.java-1.54.0-win32-x64\jre\21.0.10-win32-x86_64\bin\sunmscapi.dll
Event: 37.979 Loaded shared library C:\Users\roiga\.cursor\extensions\redhat.java-1.54.0-win32-x64\jre\21.0.10-win32-x86_64\bin\extnet.dll

Deoptimization events (20 events):
Event: 88.583 Thread 0x000002c36e7f1ad0 DEOPT PACKING pc=0x000002c31b0e0424 sp=0x000000d0866fc550
Event: 88.583 Thread 0x000002c36e7f1ad0 DEOPT UNPACKING pc=0x000002c31a1e3aa2 sp=0x000000d0866fc460 mode 2
Event: 88.584 Thread 0x000002c36e7f1ad0 Uncommon trap: trap_request=0xffffffd6 fr.pc=0x000002c31b0e0424 relative=0x0000000000000464
Event: 88.584 Thread 0x000002c36e7f1ad0 Uncommon trap: reason=array_check action=maybe_recompile pc=0x000002c31b0e0424 method=java.util.TimSort.reverseRange([Ljava/lang/Object;II)V @ 20 c2
Event: 88.584 Thread 0x000002c36e7f1ad0 DEOPT PACKING pc=0x000002c31b0e0424 sp=0x000000d0866fcfb0
Event: 88.584 Thread 0x000002c36e7f1ad0 DEOPT UNPACKING pc=0x000002c31a1e3aa2 sp=0x000000d0866fcec0 mode 2
Event: 88.942 Thread 0x000002c36e7f1440 Uncommon trap: trap_request=0xffffffcc fr.pc=0x000002c31b0fce94 relative=0x0000000000001974
Event: 88.942 Thread 0x000002c36e7f1440 Uncommon trap: reason=intrinsic_or_type_checked_inlining action=make_not_entrant pc=0x000002c31b0fce94 method=java.util.ArrayList$SubList.toArray([Ljava/lang/Object;)[Ljava/lang/Object; @ 58 c2
Event: 88.942 Thread 0x000002c36e7f1440 DEOPT PACKING pc=0x000002c31b0fce94 sp=0x000000d0864fe290
Event: 88.942 Thread 0x000002c36e7f1440 DEOPT UNPACKING pc=0x000002c31a1e3aa2 sp=0x000000d0864fe1b8 mode 2
Event: 89.119 Thread 0x000002c36e7f1440 Uncommon trap: trap_request=0xffffffc6 fr.pc=0x000002c31afb9e64 relative=0x0000000000000544
Event: 89.119 Thread 0x000002c36e7f1440 Uncommon trap: reason=bimorphic_or_optimized_type_check action=maybe_recompile pc=0x000002c31afb9e64 method=lombok.eclipse.handlers.EclipseHandlerUtil.typeMatches(Ljava/lang/String;Llombok/eclipse/EclipseNode;Lorg/eclipse/jdt/internal/compiler/ast/TypeRef
Event: 89.119 Thread 0x000002c36e7f1440 DEOPT PACKING pc=0x000002c31afb9e64 sp=0x000000d0864fe3e0
Event: 89.119 Thread 0x000002c36e7f1440 DEOPT UNPACKING pc=0x000002c31a1e3aa2 sp=0x000000d0864fe380 mode 2
Event: 89.119 Thread 0x000002c36e7f1440 Uncommon trap: trap_request=0xffffffc6 fr.pc=0x000002c31afb9e64 relative=0x0000000000000544
Event: 89.119 Thread 0x000002c36e7f1440 Uncommon trap: reason=bimorphic_or_optimized_type_check action=maybe_recompile pc=0x000002c31afb9e64 method=lombok.eclipse.handlers.EclipseHandlerUtil.typeMatches(Ljava/lang/String;Llombok/eclipse/EclipseNode;Lorg/eclipse/jdt/internal/compiler/ast/TypeRef
Event: 89.119 Thread 0x000002c36e7f1440 DEOPT PACKING pc=0x000002c31afb9e64 sp=0x000000d0864fe3e0
Event: 89.119 Thread 0x000002c36e7f1440 DEOPT UNPACKING pc=0x000002c31a1e3aa2 sp=0x000000d0864fe380 mode 2
Event: 89.322 Thread 0x000002c36e7f1ad0 DEOPT PACKING pc=0x000002c31470a11e sp=0x000000d0866fc020
Event: 89.322 Thread 0x000002c36e7f1ad0 DEOPT UNPACKING pc=0x000002c31a1e4242 sp=0x000000d0866fb500 mode 0

Classes loaded (20 events):
Event: 82.178 Loading class java/util/stream/Node$Builder$OfInt done
Event: 82.178 Loading class java/util/stream/Nodes$IntArrayNode
Event: 82.186 Loading class java/util/stream/Nodes$IntArrayNode done
Event: 82.186 Loading class java/util/stream/Nodes$IntFixedNodeBuilder done
Event: 82.191 Loading class java/util/stream/ReferencePipeline$4$1
Event: 82.191 Loading class java/util/stream/ReferencePipeline$4$1 done
Event: 85.162 Loading class java/nio/BufferMismatch
Event: 85.163 Loading class java/nio/BufferMismatch done
Event: 85.163 Loading class java/nio/file/attribute/PosixFileAttributes
Event: 85.170 Loading class java/nio/file/attribute/PosixFileAttributes done
Event: 86.084 Loading class java/util/stream/ReduceOps$5
Event: 86.084 Loading class java/util/stream/ReduceOps$5 done
Event: 86.084 Loading class java/util/stream/ReduceOps$CountingSink$OfRef
Event: 86.085 Loading class java/util/stream/ReduceOps$CountingSink
Event: 86.086 Loading class java/util/stream/ReduceOps$CountingSink done
Event: 86.086 Loading class java/util/stream/ReduceOps$CountingSink$OfRef done
Event: 86.829 Loading class java/util/stream/ReduceOps$1
Event: 86.830 Loading class java/util/stream/ReduceOps$1 done
Event: 86.830 Loading class java/util/stream/ReduceOps$1ReducingSink
Event: 86.830 Loading class java/util/stream/ReduceOps$1ReducingSink done

Classes unloaded (7 events):
Event: 31.618 Thread 0x000002c30e401850 Unloading class 0x000002c3281a5000 'java/lang/invoke/LambdaForm$MH+0x000002c3281a5000'
Event: 31.618 Thread 0x000002c30e401850 Unloading class 0x000002c3281a4c00 'java/lang/invoke/LambdaForm$MH+0x000002c3281a4c00'
Event: 31.618 Thread 0x000002c30e401850 Unloading class 0x000002c3281a4800 'java/lang/invoke/LambdaForm$MH+0x000002c3281a4800'
Event: 31.618 Thread 0x000002c30e401850 Unloading class 0x000002c3281a4400 'java/lang/invoke/LambdaForm$MH+0x000002c3281a4400'
Event: 31.618 Thread 0x000002c30e401850 Unloading class 0x000002c3281a4000 'java/lang/invoke/LambdaForm$BMH+0x000002c3281a4000'
Event: 31.618 Thread 0x000002c30e401850 Unloading class 0x000002c3281a3c00 'java/lang/invoke/LambdaForm$DMH+0x000002c3281a3c00'
Event: 31.618 Thread 0x000002c30e401850 Unloading class 0x000002c3281a2800 'java/lang/invoke/LambdaForm$DMH+0x000002c3281a2800'

Classes redefined (0 events):
No events

Internal exceptions (20 events):
Event: 80.432 Thread 0x000002c371e0abf0 Exception <a 'java/lang/NoSuchMethodError'{0x00000000d58cde50}: 'int java.lang.invoke.DirectMethodHandle$Holder.invokeSpecialIFC(java.lang.Object, java.lang.Object, java.lang.Object)'> (0x00000000d58cde50) 
thrown [s\src\hotspot\share\interpreter\linkResolver.cpp, line 773]
Event: 81.334 Thread 0x000002c36e7f0090 Exception <a 'java/lang/ArrayIndexOutOfBoundsException'{0x00000000d578b030}: Index 2 out of bounds for length 2> (0x00000000d578b030) 
thrown [s\src\hotspot\share\interpreter\interpreterRuntime.cpp, line 439]
Event: 81.691 Thread 0x000002c371000000 Exception <a 'java/io/FileNotFoundException'{0x00000000d562d3f8}> (0x00000000d562d3f8) 
thrown [s\src\hotspot\share\prims\jni.cpp, line 520]
Event: 81.692 Thread 0x000002c371000000 Exception <a 'java/io/FileNotFoundException'{0x00000000d56564c0}> (0x00000000d56564c0) 
thrown [s\src\hotspot\share\prims\jni.cpp, line 520]
Event: 81.692 Thread 0x000002c371000000 Exception <a 'java/io/FileNotFoundException'{0x00000000d566a920}> (0x00000000d566a920) 
thrown [s\src\hotspot\share\prims\jni.cpp, line 520]
Event: 82.243 Thread 0x000002c371e0abf0 Implicit null exception at 0x000002c31ae3d1a5 to 0x000002c31ae3d54c
Event: 82.348 Thread 0x000002c371000000 Exception <a 'java/lang/NoSuchMethodError'{0x00000000d56fa5d0}: 'java.lang.Object java.lang.invoke.DirectMethodHandle$Holder.newInvokeSpecial(java.lang.Object, java.lang.Object, int, java.lang.Object, java.lang.Object)'> (0x00000000d56fa5d0) 
thrown [s\src\hotspot\share\interpreter\linkResolver.cpp, line 773]
Event: 82.365 Thread 0x000002c371000000 Exception <a 'java/lang/NoSuchMethodError'{0x00000000d57167b8}: 'java.lang.Object java.lang.invoke.DirectMethodHandle$Holder.invokeSpecial(java.lang.Object, java.lang.Object, java.lang.Object, int, java.lang.Object, java.lang.Object, java.lang.Object)'> (0x00000000d57167b8) 
thrown [s\src\hotspot\share\interpreter\linkResolver.cpp, line 773]
Event: 82.368 Thread 0x000002c371000000 Exception <a 'java/lang/NoSuchMethodError'{0x00000000d5782518}: 'java.lang.Object java.lang.invoke.DirectMethodHandle$Holder.invokeStatic(java.lang.Object, java.lang.Object, int, java.lang.Object, java.lang.Object)'> (0x00000000d5782518) 
thrown [s\src\hotspot\share\interpreter\linkResolver.cpp, line 773]
Event: 82.369 Thread 0x000002c371000000 Exception <a 'java/lang/NoSuchMethodError'{0x00000000d57a8648}: 'java.lang.Object java.lang.invoke.DirectMethodHandle$Holder.newInvokeSpecial(java.lang.Object, java.lang.Object, int)'> (0x00000000d57a8648) 
thrown [s\src\hotspot\share\interpreter\linkResolver.cpp, line 773]
Event: 82.403 Thread 0x000002c371000000 Exception <a 'java/lang/NoSuchMethodError'{0x00000000d58f6028}: 'void java.lang.invoke.DirectMethodHandle$Holder.invokeStatic(java.lang.Object, int)'> (0x00000000d58f6028) 
thrown [s\src\hotspot\share\interpreter\linkResolver.cpp, line 773]
Event: 83.140 Thread 0x000002c36e7f0090 Exception <a 'java/lang/ArrayIndexOutOfBoundsException'{0x00000000d56bbe70}> (0x00000000d56bbe70) 
thrown [s\src\hotspot\share\runtime\sharedRuntime.cpp, line 625]
Event: 83.804 Thread 0x000002c371000000 Exception <a 'java/io/FileNotFoundException'{0x00000000d5763b10}> (0x00000000d5763b10) 
thrown [s\src\hotspot\share\prims\jni.cpp, line 520]
Event: 83.805 Thread 0x000002c371000000 Exception <a 'java/io/FileNotFoundException'{0x00000000d5765030}> (0x00000000d5765030) 
thrown [s\src\hotspot\share\prims\jni.cpp, line 520]
Event: 83.806 Thread 0x000002c371000000 Exception <a 'java/io/FileNotFoundException'{0x00000000d5766400}> (0x00000000d5766400) 
thrown [s\src\hotspot\share\prims\jni.cpp, line 520]
Event: 83.992 Thread 0x000002c371000000 Implicit null exception at 0x000002c31adef615 to 0x000002c31adefc28
Event: 86.094 Thread 0x000002c36e7f1440 Exception <a 'sun/nio/fs/WindowsException'{0x00000000d56a2718}> (0x00000000d56a2718) 
thrown [s\src\hotspot\share\prims\jni.cpp, line 520]
Event: 86.094 Thread 0x000002c36e7f1440 Exception <a 'sun/nio/fs/WindowsException'{0x00000000d56a2c50}> (0x00000000d56a2c50) 
thrown [s\src\hotspot\share\prims\jni.cpp, line 520]
Event: 86.222 Thread 0x000002c36e7f1ad0 Implicit null exception at 0x000002c31af304e2 to 0x000002c31af30950
Event: 87.461 Thread 0x000002c36e7f1440 Exception <a 'java/lang/NoSuchMethodError'{0x00000000d55e9980}: 'java.lang.Object java.lang.invoke.DirectMethodHandle$Holder.invokeStatic(java.lang.Object, java.lang.Object, int, java.lang.Object)'> (0x00000000d55e9980) 
thrown [s\src\hotspot\share\interpreter\linkResolver.cpp, line 773]

ZGC Phase Switch (0 events):
No events

VM Operations (20 events):
Event: 87.347 Executing safepoint VM operation: ParallelGCFailedAllocation (Allocation Failure) done
Event: 87.850 Executing safepoint VM operation: ParallelGCFailedAllocation (Allocation Failure)
Event: 87.853 Executing safepoint VM operation: ParallelGCFailedAllocation (Allocation Failure) done
Event: 88.014 Executing safepoint VM operation: ParallelGCFailedAllocation (Allocation Failure)
Event: 88.017 Executing safepoint VM operation: ParallelGCFailedAllocation (Allocation Failure) done
Event: 88.083 Executing safepoint VM operation: ParallelGCFailedAllocation (Allocation Failure)
Event: 88.086 Executing safepoint VM operation: ParallelGCFailedAllocation (Allocation Failure) done
Event: 88.121 Executing safepoint VM operation: ParallelGCFailedAllocation (Allocation Failure)
Event: 88.124 Executing safepoint VM operation: ParallelGCFailedAllocation (Allocation Failure) done
Event: 88.275 Executing safepoint VM operation: ParallelGCFailedAllocation (Allocation Failure)
Event: 88.279 Executing safepoint VM operation: ParallelGCFailedAllocation (Allocation Failure) done
Event: 88.688 Executing safepoint VM operation: ParallelGCFailedAllocation (Allocation Failure)
Event: 88.704 Executing safepoint VM operation: ParallelGCFailedAllocation (Allocation Failure) done
Event: 88.844 Executing safepoint VM operation: ParallelGCFailedAllocation (Allocation Failure)
Event: 88.846 Executing safepoint VM operation: ParallelGCFailedAllocation (Allocation Failure) done
Event: 88.960 Executing safepoint VM operation: ParallelGCFailedAllocation (Allocation Failure)
Event: 88.963 Executing safepoint VM operation: ParallelGCFailedAllocation (Allocation Failure) done
Event: 89.116 Executing safepoint VM operation: ParallelGCFailedAllocation (Allocation Failure)
Event: 89.118 Executing safepoint VM operation: ParallelGCFailedAllocation (Allocation Failure) done
Event: 90.133 Executing safepoint VM operation: Cleanup

Memory protections (0 events):
No events

Nmethod flushes (20 events):
Event: 56.629 Thread 0x000002c30e401850 flushing  nmethod 0x000002c3135f0110
Event: 56.629 Thread 0x000002c30e401850 flushing osr nmethod 0x000002c313614610
Event: 56.629 Thread 0x000002c30e401850 flushing  nmethod 0x000002c313632010
Event: 56.629 Thread 0x000002c30e401850 flushing  nmethod 0x000002c31363b590
Event: 56.629 Thread 0x000002c30e401850 flushing  nmethod 0x000002c31363d890
Event: 56.629 Thread 0x000002c30e401850 flushing  nmethod 0x000002c313643d10
Event: 56.629 Thread 0x000002c30e401850 flushing  nmethod 0x000002c313644490
Event: 56.629 Thread 0x000002c30e401850 flushing  nmethod 0x000002c313644e10
Event: 56.629 Thread 0x000002c30e401850 flushing  nmethod 0x000002c313655c10
Event: 56.629 Thread 0x000002c30e401850 flushing  nmethod 0x000002c313658910
Event: 56.629 Thread 0x000002c30e401850 flushing  nmethod 0x000002c313659010
Event: 56.629 Thread 0x000002c30e401850 flushing  nmethod 0x000002c313660a10
Event: 56.629 Thread 0x000002c30e401850 flushing  nmethod 0x000002c313666d10
Event: 56.629 Thread 0x000002c30e401850 flushing  nmethod 0x000002c313685890
Event: 56.629 Thread 0x000002c30e401850 flushing  nmethod 0x000002c313689090
Event: 56.629 Thread 0x000002c30e401850 flushing  nmethod 0x000002c3136a2490
Event: 56.629 Thread 0x000002c30e401850 flushing  nmethod 0x000002c3136f2b10
Event: 56.629 Thread 0x000002c30e401850 flushing  nmethod 0x000002c3136f3110
Event: 56.629 Thread 0x000002c30e401850 flushing  nmethod 0x000002c3136f4610
Event: 56.629 Thread 0x000002c30e401850 flushing  nmethod 0x000002c3136f8690

Events (20 events):
Event: 80.028 Thread 0x000002c3695ae6a0 Thread added: 0x000002c36f2e8350
Event: 83.729 Thread 0x000002c36f2e8350 Thread exited: 0x000002c36f2e8350
Event: 83.771 Thread 0x000002c36f2eb300 Thread exited: 0x000002c36f2eb300
Event: 84.016 Thread 0x000002c371000000 Thread added: 0x000002c371000d20
Event: 84.017 Thread 0x000002c371000000 Thread added: 0x000002c371003b10
Event: 84.018 Thread 0x000002c371000000 Thread added: 0x000002c3710013b0
Event: 84.018 Thread 0x000002c371000000 Thread added: 0x000002c371004830
Event: 84.018 Thread 0x000002c371000000 Thread added: 0x000002c3710041a0
Event: 84.162 Thread 0x000002c3695ae6a0 Thread added: 0x000002c36f2e97c0
Event: 84.312 Thread 0x000002c36f2e97c0 Thread exited: 0x000002c36f2e97c0
Event: 84.477 Thread 0x000002c3710041a0 Thread exited: 0x000002c3710041a0
Event: 84.477 Thread 0x000002c371003b10 Thread exited: 0x000002c371003b10
Event: 84.477 Thread 0x000002c371004830 Thread exited: 0x000002c371004830
Event: 84.478 Thread 0x000002c371000d20 Thread exited: 0x000002c371000d20
Event: 84.478 Thread 0x000002c3710013b0 Thread exited: 0x000002c3710013b0
Event: 86.030 Thread 0x000002c3695ae6a0 Thread added: 0x000002c36f2eb300
Event: 86.205 Thread 0x000002c36f2eb300 Thread exited: 0x000002c36f2eb300
Event: 86.914 Thread 0x000002c3695ae6a0 Thread added: 0x000002c36f2eb300
Event: 88.479 Thread 0x000002c36f2eb300 Thread exited: 0x000002c36f2eb300
Event: 88.682 Thread 0x000002c3695ae6a0 Thread added: 0x000002c36f2e8350


Dynamic libraries:
0x00007ff7218a0000 - 0x00007ff7218ae000 	c:\Users\roiga\.cursor\extensions\redhat.java-1.54.0-win32-x64\jre\21.0.10-win32-x86_64\bin\java.exe
0x00007fff00c20000 - 0x00007fff00e86000 	C:\WINDOWS\SYSTEM32\ntdll.dll
0x00007ffeff730000 - 0x00007ffeff7f9000 	C:\WINDOWS\System32\KERNEL32.DLL
0x00007ffefe030000 - 0x00007ffefe42a000 	C:\WINDOWS\System32\KERNELBASE.dll
0x00007ffefdee0000 - 0x00007ffefe02c000 	C:\WINDOWS\System32\ucrtbase.dll
0x00007ffef3840000 - 0x00007ffef3858000 	c:\Users\roiga\.cursor\extensions\redhat.java-1.54.0-win32-x64\jre\21.0.10-win32-x86_64\bin\jli.dll
0x00007ffefff70000 - 0x00007fff00137000 	C:\WINDOWS\System32\USER32.dll
0x00007ffefdeb0000 - 0x00007ffefded7000 	C:\WINDOWS\System32\win32u.dll
0x00007ffeea570000 - 0x00007ffeea58e000 	c:\Users\roiga\.cursor\extensions\redhat.java-1.54.0-win32-x64\jre\21.0.10-win32-x86_64\bin\VCRUNTIME140.dll
0x00007fff002b0000 - 0x00007fff002db000 	C:\WINDOWS\System32\GDI32.dll
0x00007ffefe720000 - 0x00007ffefe84b000 	C:\WINDOWS\System32\gdi32full.dll
0x00007ffefe430000 - 0x00007ffefe4d3000 	C:\WINDOWS\System32\msvcp_win.dll
0x00007ffefd0b0000 - 0x00007ffefd342000 	C:\WINDOWS\WinSxS\amd64_microsoft.windows.common-controls_6595b64144ccf1df_6.0.26100.8521_none_3e08b75ce33403b3\COMCTL32.dll
0x00007fff00140000 - 0x00007fff001e9000 	C:\WINDOWS\System32\msvcrt.dll
0x00007ffeff9a0000 - 0x00007ffeff9d2000 	C:\WINDOWS\System32\IMM32.DLL
0x00007ffee8380000 - 0x00007ffee838c000 	c:\Users\roiga\.cursor\extensions\redhat.java-1.54.0-win32-x64\jre\21.0.10-win32-x86_64\bin\vcruntime140_1.dll
0x00007ffed47b0000 - 0x00007ffed483d000 	c:\Users\roiga\.cursor\extensions\redhat.java-1.54.0-win32-x64\jre\21.0.10-win32-x86_64\bin\msvcp140.dll
0x00007ffe7aea0000 - 0x00007ffe7bc41000 	c:\Users\roiga\.cursor\extensions\redhat.java-1.54.0-win32-x64\jre\21.0.10-win32-x86_64\bin\server\jvm.dll
0x00007fff002e0000 - 0x00007fff00396000 	C:\WINDOWS\System32\ADVAPI32.dll
0x00007fff007c0000 - 0x00007fff0086a000 	C:\WINDOWS\System32\sechost.dll
0x00007fff00a50000 - 0x00007fff00b68000 	C:\WINDOWS\System32\RPCRT4.dll
0x00007ffeff9e0000 - 0x00007ffeffa60000 	C:\WINDOWS\System32\WS2_32.dll
0x00007ffefdd10000 - 0x00007ffefdd6e000 	C:\WINDOWS\SYSTEM32\POWRPROF.dll
0x00007ffec7250000 - 0x00007ffec7286000 	C:\WINDOWS\SYSTEM32\WINMM.dll
0x00007ffef2f70000 - 0x00007ffef2f7b000 	C:\WINDOWS\SYSTEM32\VERSION.dll
0x00007ffefdcf0000 - 0x00007ffefdd04000 	C:\WINDOWS\SYSTEM32\UMPDC.dll
0x00007ffefc2d0000 - 0x00007ffefc2eb000 	C:\WINDOWS\SYSTEM32\kernel.appcore.dll
0x00007ffee8370000 - 0x00007ffee837a000 	c:\Users\roiga\.cursor\extensions\redhat.java-1.54.0-win32-x64\jre\21.0.10-win32-x86_64\bin\jimage.dll
0x00007ffefd660000 - 0x00007ffefd8a2000 	C:\WINDOWS\SYSTEM32\DBGHELP.DLL
0x00007fff003a0000 - 0x00007fff00723000 	C:\WINDOWS\System32\combase.dll
0x00007ffeff2b0000 - 0x00007ffeff389000 	C:\WINDOWS\System32\OLEAUT32.dll
0x00007ffefd550000 - 0x00007ffefd58b000 	C:\WINDOWS\SYSTEM32\dbgcore.DLL
0x00007ffefe8e0000 - 0x00007ffefe988000 	C:\WINDOWS\System32\bcryptPrimitives.dll
0x00007ffee5b60000 - 0x00007ffee5b6f000 	c:\Users\roiga\.cursor\extensions\redhat.java-1.54.0-win32-x64\jre\21.0.10-win32-x86_64\bin\instrument.dll
0x00007ffee5970000 - 0x00007ffee5990000 	c:\Users\roiga\.cursor\extensions\redhat.java-1.54.0-win32-x64\jre\21.0.10-win32-x86_64\bin\java.dll
0x00007ffefe9e0000 - 0x00007ffeff164000 	C:\WINDOWS\System32\SHELL32.dll
0x00007ffefaf90000 - 0x00007ffefb810000 	C:\WINDOWS\SYSTEM32\windows.storage.dll
0x00007ffeff820000 - 0x00007ffeff916000 	C:\WINDOWS\System32\SHCORE.dll
0x00007fff00b70000 - 0x00007fff00bd7000 	C:\WINDOWS\System32\shlwapi.dll
0x00007ffefddd0000 - 0x00007ffefddf9000 	C:\WINDOWS\SYSTEM32\profapi.dll
0x00007ffede620000 - 0x00007ffede638000 	c:\Users\roiga\.cursor\extensions\redhat.java-1.54.0-win32-x64\jre\21.0.10-win32-x86_64\bin\zip.dll
0x00007ffee5af0000 - 0x00007ffee5b00000 	C:\Users\roiga\.cursor\extensions\redhat.java-1.54.0-win32-x64\jre\21.0.10-win32-x86_64\bin\net.dll
0x00007ffeef960000 - 0x00007ffeefa89000 	C:\WINDOWS\SYSTEM32\WINHTTP.dll
0x00007ffefc7e0000 - 0x00007ffefc84c000 	C:\WINDOWS\system32\mswsock.dll
0x00007ffede600000 - 0x00007ffede616000 	C:\Users\roiga\.cursor\extensions\redhat.java-1.54.0-win32-x64\jre\21.0.10-win32-x86_64\bin\nio.dll
0x00007ffed6dd0000 - 0x00007ffed6de0000 	c:\Users\roiga\.cursor\extensions\redhat.java-1.54.0-win32-x64\jre\21.0.10-win32-x86_64\bin\verify.dll
0x00007ffeea5b0000 - 0x00007ffeea5f5000 	C:\Users\roiga\AppData\Roaming\Cursor\User\globalStorage\redhat.java\1.54.0\config_win\org.eclipse.equinox.launcher\org.eclipse.equinox.launcher.win32.win32.x86_64_1.3.0.v20260203-2149\eclipse_11919.dll
0x00007ffeff500000 - 0x00007ffeff698000 	C:\WINDOWS\System32\ole32.dll
0x00007ffefd9d0000 - 0x00007ffefd9eb000 	C:\WINDOWS\SYSTEM32\CRYPTSP.dll
0x00007ffefcca0000 - 0x00007ffefccd9000 	C:\WINDOWS\system32\rsaenh.dll
0x00007ffefc850000 - 0x00007ffefc883000 	C:\WINDOWS\SYSTEM32\USERENV.dll
0x00007ffefdda0000 - 0x00007ffefddca000 	C:\WINDOWS\SYSTEM32\bcrypt.dll
0x00007ffefcef0000 - 0x00007ffefcefc000 	C:\WINDOWS\SYSTEM32\CRYPTBASE.dll
0x00007ffefbd40000 - 0x00007ffefbd73000 	C:\WINDOWS\SYSTEM32\IPHLPAPI.DLL
0x00007ffeff4f0000 - 0x00007ffeff4fa000 	C:\WINDOWS\System32\NSI.dll
0x00007ffece260000 - 0x00007ffece2a9000 	C:\Users\roiga\AppData\Local\Temp\jna-108692390\jna8415215498190295967.dll
0x00007ffeff1a0000 - 0x00007ffeff1a8000 	C:\WINDOWS\System32\PSAPI.DLL
0x00007ffeef7c0000 - 0x00007ffeef7dd000 	C:\WINDOWS\SYSTEM32\dhcpcsvc6.DLL
0x00007ffeef790000 - 0x00007ffeef7b5000 	C:\WINDOWS\SYSTEM32\dhcpcsvc.DLL
0x00007ffee8fb0000 - 0x00007ffee8fbe000 	C:\Users\roiga\.cursor\extensions\redhat.java-1.54.0-win32-x64\jre\21.0.10-win32-x86_64\bin\sunmscapi.dll
0x00007ffefe4e0000 - 0x00007ffefe658000 	C:\WINDOWS\System32\CRYPT32.dll
0x00007ffefceb0000 - 0x00007ffefcee0000 	C:\WINDOWS\SYSTEM32\ncrypt.dll
0x00007ffefce60000 - 0x00007ffefce9f000 	C:\WINDOWS\SYSTEM32\NTASN1.dll
0x00007ffefbde0000 - 0x00007ffefbf2a000 	C:\WINDOWS\SYSTEM32\DNSAPI.dll
0x00007ffefc620000 - 0x00007ffefc62d000 	C:\WINDOWS\SYSTEM32\DSPARSE.dll
0x00007ffeeac60000 - 0x00007ffeeac6b000 	C:\Windows\System32\rasadhlp.dll
0x00007ffeeea70000 - 0x00007ffeeeaf6000 	C:\WINDOWS\System32\fwpuclnt.dll
0x00007ffef9c50000 - 0x00007ffef9c59000 	C:\Users\roiga\.cursor\extensions\redhat.java-1.54.0-win32-x64\jre\21.0.10-win32-x86_64\bin\extnet.dll

JVMTI agents:
c:\Users\roiga\.cursor\extensions\redhat.java-1.54.0-win32-x64\lombok\lombok-1.18.39-4050.jar path:c:\Users\roiga\.cursor\extensions\redhat.java-1.54.0-win32-x64\jre\21.0.10-win32-x86_64\bin\instrument.dll, loaded, initialized, instrumentlib options:none

dbghelp: loaded successfully - version: 4.0.5 - missing functions: none
symbol engine: initialized successfully - sym options: 0x614 - pdb path: .;c:\Users\roiga\.cursor\extensions\redhat.java-1.54.0-win32-x64\jre\21.0.10-win32-x86_64\bin;C:\WINDOWS\SYSTEM32;C:\WINDOWS\WinSxS\amd64_microsoft.windows.common-controls_6595b64144ccf1df_6.0.26100.8521_none_3e08b75ce33403b3;c:\Users\roiga\.cursor\extensions\redhat.java-1.54.0-win32-x64\jre\21.0.10-win32-x86_64\bin\server;C:\Users\roiga\AppData\Roaming\Cursor\User\globalStorage\redhat.java\1.54.0\config_win\org.eclipse.equinox.launcher\org.eclipse.equinox.launcher.win32.win32.x86_64_1.3.0.v20260203-2149;C:\Users\roiga\AppData\Local\Temp\jna-108692390

VM Arguments:
jvm_args: --add-modules=ALL-SYSTEM --add-opens=java.base/java.util=ALL-UNNAMED --add-opens=java.base/java.lang=ALL-UNNAMED --add-opens=java.base/sun.nio.fs=ALL-UNNAMED -Declipse.application=org.eclipse.jdt.ls.core.id1 -Dosgi.bundles.defaultStartLevel=4 -Declipse.product=org.eclipse.jdt.ls.core.product -Djava.import.generatesMetadataFilesAtProjectRoot=false -DDetectVMInstallationsJob.disabled=true -Dfile.encoding=utf8 -XX:+UseParallelGC -XX:GCTimeRatio=4 -XX:AdaptiveSizePolicyWeight=90 -Dsun.zip.disableMemoryMapping=true -Xmx2G -Xms100m -Xlog:disable -javaagent:c:\Users\roiga\.cursor\extensions\redhat.java-1.54.0-win32-x64\lombok\lombok-1.18.39-4050.jar -XX:+HeapDumpOnOutOfMemoryError -XX:HeapDumpPath=c:\Users\roiga\AppData\Roaming\Cursor\User\workspaceStorage\56e6aacf3acd6f67362f78f1046d6685\redhat.java -Daether.dependencyCollector.impl=bf 
java_command: c:\Users\roiga\.cursor\extensions\redhat.java-1.54.0-win32-x64\server\plugins\org.eclipse.equinox.launcher_1.7.100.v20251111-0406.jar -configuration c:\Users\roiga\AppData\Roaming\Cursor\User\globalStorage\redhat.java\1.54.0\config_win -data c:\Users\roiga\AppData\Roaming\Cursor\User\workspaceStorage\56e6aacf3acd6f67362f78f1046d6685\redhat.java\jdt_ws --pipe=\\.\pipe\lsp-72ce773d35634d4556a0feeac614510d-sock
java_class_path (initial): c:\Users\roiga\.cursor\extensions\redhat.java-1.54.0-win32-x64\server\plugins\org.eclipse.equinox.launcher_1.7.100.v20251111-0406.jar
Launcher Type: SUN_STANDARD

[Global flags]
    uintx AdaptiveSizePolicyWeight                 = 90                                        {product} {command line}
     intx CICompilerCount                          = 4                                         {product} {ergonomic}
    uintx GCTimeRatio                              = 4                                         {product} {command line}
     bool HeapDumpOnOutOfMemoryError               = true                                   {manageable} {command line}
    ccstr HeapDumpPath                             = c:\Users\roiga\AppData\Roaming\Cursor\User\workspaceStorage\56e6aacf3acd6f67362f78f1046d6685\redhat.java         {manageable} {command line}
   size_t InitialHeapSize                          = 104857600                                 {product} {command line}
   size_t MaxHeapSize                              = 2147483648                                {product} {command line}
   size_t MaxNewSize                               = 715653120                                 {product} {ergonomic}
   size_t MinHeapDeltaBytes                        = 524288                                    {product} {ergonomic}
   size_t MinHeapSize                              = 104857600                                 {product} {command line}
   size_t NewSize                                  = 34603008                                  {product} {ergonomic}
    uintx NonNMethodCodeHeapSize                   = 5839372                                {pd product} {ergonomic}
    uintx NonProfiledCodeHeapSize                  = 122909434                              {pd product} {ergonomic}
   size_t OldSize                                  = 70254592                                  {product} {ergonomic}
    uintx ProfiledCodeHeapSize                     = 122909434                              {pd product} {ergonomic}
    uintx ReservedCodeCacheSize                    = 251658240                              {pd product} {ergonomic}
     bool SegmentedCodeCache                       = true                                      {product} {ergonomic}
   size_t SoftMaxHeapSize                          = 2147483648                             {manageable} {ergonomic}
     bool UseCompressedOops                        = true                           {product lp64_product} {ergonomic}
     bool UseLargePagesIndividualAllocation        = false                                  {pd product} {ergonomic}
     bool UseParallelGC                            = true                                      {product} {command line}

Logging:
Log output configuration:
 #0: stdout all=off uptime,level,tags foldmultilines=false
 #1: stderr all=off uptime,level,tags foldmultilines=false

Release file:
JAVA_VERSION="21.0.10" 
MODULES="java.base java.compiler java.datatransfer java.xml java.prefs java.desktop java.instrument java.logging java.management java.security.sasl java.naming java.rmi java.management.rmi java.net.http java.scripting java.security.jgss java.transaction.xa java.sql java.sql.rowset java.xml.crypto java.se java.smartcardio jdk.accessibility jdk.internal.jvmstat jdk.attach jdk.charsets jdk.internal.opt jdk.zipfs jdk.compiler jdk.crypto.ec jdk.crypto.cryptoki jdk.crypto.mscapi jdk.dynalink jdk.internal.ed jdk.editpad jdk.hotspot.agent jdk.httpserver jdk.internal.le jdk.internal.vm.ci jdk.internal.vm.compiler jdk.internal.vm.compiler.management jdk.jartool jdk.javadoc jdk.jcmd jdk.management jdk.management.agent jdk.jconsole jdk.jdeps jdk.jdwp.agent jdk.jdi jdk.jfr jdk.jshell jdk.jsobject jdk.jstatd jdk.localedata jdk.management.jfr jdk.naming.dns jdk.naming.rmi jdk.net jdk.nio.mapmode jdk.random jdk.sctp jdk.security.auth jdk.security.jgss jdk.unsupported jdk.unsupported.desktop jdk.xml.dom" 

Environment Variables:
PATH=C:\Python312\Scripts\;C:\Python312\;C:\WINDOWS\system32;C:\WINDOWS;C:\WINDOWS\System32\Wbem;C:\WINDOWS\System32\WindowsPowerShell\v1.0\;C:\WINDOWS\System32\OpenSSH\;C:\Program Files\Git\cmd;C:\ProgramData\chocolatey\bin;C:\java\jdk-21\bin;C:\apache-maven-3.9.8\bin;C:\Program Files\Docker\Docker\resources\bin;C:\telosys-cli-4.1.1-001;C:\sqlite;C:\Program Files (x86)\Microsoft SQL Server\160\Tools\Binn\;C:\Program Files\Microsoft SQL Server\160\Tools\Binn\;C:\Program Files\Microsoft SQL Server\Client SDK\ODBC\170\Tools\Binn\;C:\Program Files\Microsoft SQL Server\160\DTS\Binn\;C:\Program Files (x86)\Microsoft SQL Server\160\DTS\Binn\;C:\env datas\telosys-cli-4.1.1-001;C:\Program Files\OpenSSL-Win64\bin;C:\xampp\mysql\bin;C:\Program Files\wso2\wso2am-4.3.0bin;C:\Program Files\Memurai\;C:\Program Files\Redis\;C:\ffmpeg\bin;C:\Program Files\nodejs\;C:\Program Files\MySQL\MySQL Shell 8.0\bin\;C:\Users\roiga\AppData\Local\Microsoft\WindowsApps;C:\Users\roiga\AppData\Local\Programs\Microsoft VS Code\bin;C:\Users\roiga\AppData\Local\atom\bin;C:\Users\roiga\AppData\Local\Microsoft\WinGet\Packages\Schniz.fnm_Microsoft.Winget.Source_8wekyb3d8bbwe;C:\Program Files\OpenSSL-Win64\bin;C:\Users\roiga\AppData\Local\Microsoft\WindowsApps;C:\Users\roiga\AppData\Roaming\npm;C:\Users\roiga\AppData\Local\Programs\cursor\resources\app\bin;C:\Users\roiga\AppData\Local\Pandoc\;C:\Users\SYNELIA_DEV_OUNEB\.local\bin;C:\Users\roiga\.local\bin;C:\Users\roiga\AppData\Roaming\npm
USERNAME=roiga
OS=Windows_NT
PROCESSOR_IDENTIFIER=Intel64 Family 6 Model 142 Stepping 12, GenuineIntel
TMP=C:\Users\roiga\AppData\Local\Temp
TEMP=C:\Users\roiga\AppData\Local\Temp




Periodic native trim disabled

---------------  S Y S T E M  ---------------

OS:
 Windows 11 , 64 bit Build 26100 (10.0.26100.8521)
OS uptime: 2 days 13:47 hours
Hyper-V role detected

CPU: total 8 (initial active 8) (4 cores per cpu, 2 threads per core) family 6 model 142 stepping 12 microcode 0xde, cx8, cmov, fxsr, ht, mmx, 3dnowpref, sse, sse2, sse3, ssse3, sse4.1, sse4.2, popcnt, lzcnt, tsc, tscinvbit, avx, avx2, aes, erms, clmul, bmi1, bmi2, adx, fma, vzeroupper, clflush, clflushopt, hv, rdtscp, f16c
Processor Information for the first 8 processors :
  Max Mhz: 2112, Current Mhz: 1609, Mhz Limit: 1605

Memory: 4k page, system-wide physical 8025M (1141M free)
TotalPageFile size 32601M (AvailPageFile size 31M)
current process WorkingSet (physical memory assigned to process): 507M, peak: 510M
current process commit charge ("private bytes"): 646M, peak: 649M

vm_info: OpenJDK 64-Bit Server VM (21.0.10+7-LTS) for windows-amd64 JRE (21.0.10+7-LTS), built on 2026-01-20T00:00:00Z by "admin" with MS VC++ 17.12 (VS2022)

END.
