#
# There is insufficient memory for the Java Runtime Environment to continue.
# Native memory allocation (malloc) failed to allocate 1048576 bytes. Error detail: AllocateHeap
# Possible reasons:
#   The system is out of physical RAM or swap space
#   This process is running with CompressedOops enabled, and the Java Heap may be blocking the growth of the native heap
# Possible solutions:
#   Reduce memory load on the system
#   Increase physical memory or swap space
#   Check if swap backing store is full
#   Decrease Java heap size (-Xmx/-Xms)
#   Decrease number of Java threads
#   Decrease Java thread stack sizes (-Xss)
#   Set larger code cache with -XX:ReservedCodeCacheSize=
#   JVM is running with Unscaled Compressed Oops mode in which the Java heap is
#     placed in the first 4GB address space. The Java Heap base address is the
#     maximum limit for the native heap growth. Please use -XX:HeapBaseMinAddress
#     to set the Java Heap base and to place the Java Heap above 4GB virtual address.
# This output file may be truncated or incomplete.
#
#  Out of Memory Error (allocation.cpp:44), pid=12196, tid=22440
#
# JRE version: OpenJDK Runtime Environment Temurin-21.0.10+7 (21.0.10+7) (build 21.0.10+7-LTS)
# Java VM: OpenJDK 64-Bit Server VM Temurin-21.0.10+7 (21.0.10+7-LTS, mixed mode, sharing, tiered, compressed oops, compressed class ptrs, parallel gc, windows-amd64)
# No core dump will be written. Minidumps are not enabled by default on client versions of Windows
#

---------------  S U M M A R Y ------------

Command Line: --add-modules=ALL-SYSTEM --add-opens=java.base/java.util=ALL-UNNAMED --add-opens=java.base/java.lang=ALL-UNNAMED --add-opens=java.base/sun.nio.fs=ALL-UNNAMED -Declipse.application=org.eclipse.jdt.ls.core.id1 -Dosgi.bundles.defaultStartLevel=4 -Declipse.product=org.eclipse.jdt.ls.core.product -Djava.import.generatesMetadataFilesAtProjectRoot=false -DDetectVMInstallationsJob.disabled=true -Dfile.encoding=utf8 -XX:+UseParallelGC -XX:GCTimeRatio=4 -XX:AdaptiveSizePolicyWeight=90 -Dsun.zip.disableMemoryMapping=true -Xmx2G -Xms100m -Xlog:disable -javaagent:c:\Users\roiga\.cursor\extensions\redhat.java-1.54.0-win32-x64\lombok\lombok-1.18.39-4050.jar -XX:+HeapDumpOnOutOfMemoryError -XX:HeapDumpPath=c:\Users\roiga\AppData\Roaming\Cursor\User\workspaceStorage\56e6aacf3acd6f67362f78f1046d6685\redhat.java -Daether.dependencyCollector.impl=bf c:\Users\roiga\.cursor\extensions\redhat.java-1.54.0-win32-x64\server\plugins\org.eclipse.equinox.launcher_1.7.100.v20251111-0406.jar -configuration c:\Users\roiga\AppData\Roaming\Cursor\User\globalStorage\redhat.java\1.54.0\config_win -data c:\Users\roiga\AppData\Roaming\Cursor\User\workspaceStorage\56e6aacf3acd6f67362f78f1046d6685\redhat.java\jdt_ws --pipe=\\.\pipe\lsp-10cf6aeef13576de248847b3c8bc9b47-sock

Host: Intel(R) Core(TM) i5-10210U CPU @ 1.60GHz, 8 cores, 7G,  Windows 11 , 64 bit Build 26100 (10.0.26100.8521)
Time: Tue Jun 16 12:43:04 2026 Temps universel coordonné elapsed time: 5842.744271 seconds (0d 1h 37m 22s)

---------------  T H R E A D  ---------------

Current thread (0x000002c3724b8a10):  JavaThread "Attach Listener" daemon [_thread_in_vm, id=22440, stack(0x000000e444e00000,0x000000e444f00000) (1024K)]

Stack: [0x000000e444e00000,0x000000e444f00000]
Native frames: (J=compiled Java code, j=interpreted, Vv=VM code, C=native code)
V  [jvm.dll+0x6d7a39]
V  [jvm.dll+0x8b4b26]
V  [jvm.dll+0x8b70de]
V  [jvm.dll+0x8b77c3]
V  [jvm.dll+0x284346]
V  [jvm.dll+0xc1277]
V  [jvm.dll+0x6d82e9]
V  [jvm.dll+0x1334a6]
V  [jvm.dll+0x3f857e]
V  [jvm.dll+0x85f59d]
V  [jvm.dll+0x6d626d]
C  [ucrtbase.dll+0x2cd30]
C  [KERNEL32.DLL+0x2e957]
C  [ntdll.dll+0x87c1c]


---------------  P R O C E S S  ---------------

Threads class SMR info:
_java_thread_list=0x000002c356b05450, length=34, elements={
0x000002c37253f7f0, 0x000002c3725ee6c0, 0x000002c3724abaa0, 0x000002c3724b79a0,
0x000002c3724b8a10, 0x000002c3724bf0f0, 0x000002c3724c0890, 0x000002c3724c4fa0,
0x000002c3724c65b0, 0x000002c354245940, 0x000002c354347180, 0x000002c354b8a320,
0x000002c354d808b0, 0x000002c354ca6170, 0x000002c354caac90, 0x000002c35527a930,
0x000002c35545c030, 0x000002c354f6dc90, 0x000002c35476c860, 0x000002c35476b4b0,
0x000002c355320190, 0x000002c35531f470, 0x000002c35531ede0, 0x000002c35531fb00,
0x000002c35531e750, 0x000002c355320820, 0x000002c355320eb0, 0x000002c355321540,
0x000002c35531e0c0, 0x000002c355322f80, 0x000002c355325050, 0x000002c355321bd0,
0x000002c35476dc10, 0x000002c3563c29d0
}

Java Threads: ( => current thread )
  0x000002c37253f7f0 JavaThread "main"                              [_thread_blocked, id=14396, stack(0x000000e444700000,0x000000e444800000) (1024K)]
  0x000002c3725ee6c0 JavaThread "Reference Handler"          daemon [_thread_blocked, id=14792, stack(0x000000e444b00000,0x000000e444c00000) (1024K)]
  0x000002c3724abaa0 JavaThread "Finalizer"                  daemon [_thread_blocked, id=10192, stack(0x000000e444c00000,0x000000e444d00000) (1024K)]
  0x000002c3724b79a0 JavaThread "Signal Dispatcher"          daemon [_thread_blocked, id=17032, stack(0x000000e444d00000,0x000000e444e00000) (1024K)]
=>0x000002c3724b8a10 JavaThread "Attach Listener"            daemon [_thread_in_vm, id=22440, stack(0x000000e444e00000,0x000000e444f00000) (1024K)]
  0x000002c3724bf0f0 JavaThread "Service Thread"             daemon [_thread_blocked, id=21612, stack(0x000000e444f00000,0x000000e445000000) (1024K)]
  0x000002c3724c0890 JavaThread "Monitor Deflation Thread"   daemon [_thread_blocked, id=12160, stack(0x000000e445000000,0x000000e445100000) (1024K)]
  0x000002c3724c4fa0 JavaThread "C2 CompilerThread0"         daemon [_thread_blocked, id=16152, stack(0x000000e445100000,0x000000e445200000) (1024K)]
  0x000002c3724c65b0 JavaThread "C1 CompilerThread0"         daemon [_thread_blocked, id=17684, stack(0x000000e445200000,0x000000e445300000) (1024K)]
  0x000002c354245940 JavaThread "Common-Cleaner"             daemon [_thread_blocked, id=15252, stack(0x000000e445400000,0x000000e445500000) (1024K)]
  0x000002c354347180 JavaThread "Notification Thread"        daemon [_thread_blocked, id=4552, stack(0x000000e445300000,0x000000e445400000) (1024K)]
  0x000002c354b8a320 JavaThread "Active Thread: Equinox Container: 11f9aa45-e233-4817-8e3b-9b4ce2d28454"        [_thread_blocked, id=3652, stack(0x000000e445500000,0x000000e445600000) (1024K)]
  0x000002c354d808b0 JavaThread "Refresh Thread: Equinox Container: 11f9aa45-e233-4817-8e3b-9b4ce2d28454" daemon [_thread_blocked, id=7316, stack(0x000000e445c00000,0x000000e445d00000) (1024K)]
  0x000002c354ca6170 JavaThread "Framework Event Dispatcher: Equinox Container: 11f9aa45-e233-4817-8e3b-9b4ce2d28454" daemon [_thread_blocked, id=5812, stack(0x000000e445e00000,0x000000e445f00000) (1024K)]
  0x000002c354caac90 JavaThread "Start Level: Equinox Container: 11f9aa45-e233-4817-8e3b-9b4ce2d28454" daemon [_thread_blocked, id=14068, stack(0x000000e445f00000,0x000000e446000000) (1024K)]
  0x000002c35527a930 JavaThread "Bundle File Closer"         daemon [_thread_blocked, id=19156, stack(0x000000e446200000,0x000000e446300000) (1024K)]
  0x000002c35545c030 JavaThread "SCR Component Actor"        daemon [_thread_blocked, id=3372, stack(0x000000e446000000,0x000000e446100000) (1024K)]
  0x000002c354f6dc90 JavaThread "Worker-JM"                         [_thread_blocked, id=18004, stack(0x000000e446300000,0x000000e446400000) (1024K)]
  0x000002c35476c860 JavaThread "JNA Cleaner"                daemon [_thread_blocked, id=16268, stack(0x000000e446100000,0x000000e446200000) (1024K)]
  0x000002c35476b4b0 JavaThread "Java indexing"              daemon [_thread_blocked, id=10812, stack(0x000000e446700000,0x000000e446800000) (1024K)]
  0x000002c355320190 JavaThread "Thread-1"                   daemon [_thread_in_native, id=17556, stack(0x000000e446e00000,0x000000e446f00000) (1024K)]
  0x000002c35531f470 JavaThread "Thread-2"                   daemon [_thread_in_native, id=15192, stack(0x000000e446f00000,0x000000e447000000) (1024K)]
  0x000002c35531ede0 JavaThread "Thread-3"                   daemon [_thread_in_native, id=10400, stack(0x000000e447000000,0x000000e447100000) (1024K)]
  0x000002c35531fb00 JavaThread "Thread-4"                   daemon [_thread_in_native, id=21864, stack(0x000000e447100000,0x000000e447200000) (1024K)]
  0x000002c35531e750 JavaThread "Thread-5"                   daemon [_thread_in_native, id=19448, stack(0x000000e447200000,0x000000e447300000) (1024K)]
  0x000002c355320820 JavaThread "Thread-6"                   daemon [_thread_in_native, id=16108, stack(0x000000e447300000,0x000000e447400000) (1024K)]
  0x000002c355320eb0 JavaThread "Thread-7"                   daemon [_thread_in_native, id=23148, stack(0x000000e447400000,0x000000e447500000) (1024K)]
  0x000002c355321540 JavaThread "Thread-8"                   daemon [_thread_in_native, id=14800, stack(0x000000e447500000,0x000000e447600000) (1024K)]
  0x000002c35531e0c0 JavaThread "Thread-9"                   daemon [_thread_in_native, id=21488, stack(0x000000e447600000,0x000000e447700000) (1024K)]
  0x000002c355322f80 JavaThread "pool-2-thread-1"                   [_thread_blocked, id=20444, stack(0x000000e447700000,0x000000e447800000) (1024K)]
  0x000002c355325050 JavaThread "WorkspaceEventsHandler"            [_thread_blocked, id=13344, stack(0x000000e446d00000,0x000000e446e00000) (1024K)]
  0x000002c355321bd0 JavaThread "pool-1-thread-1"                   [_thread_blocked, id=21156, stack(0x000000e447900000,0x000000e447a00000) (1024K)]
  0x000002c35476dc10 JavaThread "Worker-6"                          [_thread_blocked, id=2960, stack(0x000000e447e00000,0x000000e447f00000) (1024K)]
  0x000002c3563c29d0 JavaThread "Worker-7"                          [_thread_blocked, id=22028, stack(0x000000e444500000,0x000000e444600000) (1024K)]
Total: 34

Other Threads:
  0x000002c3724a3530 VMThread "VM Thread"                           [id=12628, stack(0x000000e444a00000,0x000000e444b00000) (1024K)]
  0x000002c3723bca00 WatcherThread "VM Periodic Task Thread"        [id=9916, stack(0x000000e444900000,0x000000e444a00000) (1024K)]
  0x000002c372557bb0 WorkerThread "GC Thread#0"                     [id=5744, stack(0x000000e444800000,0x000000e444900000) (1024K)]
  0x000002c354a69060 WorkerThread "GC Thread#1"                     [id=4132, stack(0x000000e445600000,0x000000e445700000) (1024K)]
  0x000002c354692950 WorkerThread "GC Thread#2"                     [id=18808, stack(0x000000e445700000,0x000000e445800000) (1024K)]
  0x000002c354692d00 WorkerThread "GC Thread#3"                     [id=18708, stack(0x000000e445800000,0x000000e445900000) (1024K)]
  0x000002c354792390 WorkerThread "GC Thread#4"                     [id=2232, stack(0x000000e445900000,0x000000e445a00000) (1024K)]
  0x000002c354a681f0 WorkerThread "GC Thread#5"                     [id=11072, stack(0x000000e445a00000,0x000000e445b00000) (1024K)]
  0x000002c354a685a0 WorkerThread "GC Thread#6"                     [id=10896, stack(0x000000e445b00000,0x000000e445c00000) (1024K)]
  0x000002c354d7fe10 WorkerThread "GC Thread#7"                     [id=23460, stack(0x000000e445d00000,0x000000e445e00000) (1024K)]
Total: 10

Threads with active compile tasks:
Total: 0

VM state: not at safepoint (normal execution)

VM Mutex/Monitor currently owned by a thread: None

Heap address: 0x0000000080000000, size: 2048 MB, Compressed Oops mode: 32-bit

CDS archive(s) mapped at: [0x000002c30f000000-0x000002c30fba0000-0x000002c30fba0000), size 12189696, SharedBaseAddress: 0x000002c30f000000, ArchiveRelocationMode: 1.
Compressed class space mapped at: 0x000002c310000000-0x000002c350000000, reserved size: 1073741824
Narrow klass base: 0x000002c30f000000, Narrow klass shift: 0, Narrow klass range: 0x100000000

GC Precious Log:
 CardTable entry size: 512
 CPUs: 8 total, 8 available
 Memory: 8025M
 Large Page Support: Disabled
 NUMA Support: Disabled
 Compressed Oops: Enabled (32-bit)
 Alignments: Space 512K, Generation 512K, Heap 2M
 Heap Min Capacity: 100M
 Heap Initial Capacity: 100M
 Heap Max Capacity: 2G
 Pre-touch: Disabled
 Parallel Workers: 8

Heap:
 PSYoungGen      total 5120K, used 2408K [0x00000000d5580000, 0x00000000d5c00000, 0x0000000100000000)
  eden space 4608K, 46% used [0x00000000d5580000,0x00000000d579a180,0x00000000d5a00000)
  from space 512K, 50% used [0x00000000d5b80000,0x00000000d5bc0000,0x00000000d5c00000)
  to   space 1024K, 0% used [0x00000000d5a00000,0x00000000d5a00000,0x00000000d5b00000)
 ParOldGen       total 349696K, used 349228K [0x0000000080000000, 0x0000000095580000, 0x00000000d5580000)
  object space 349696K, 99% used [0x0000000080000000,0x000000009550b180,0x0000000095580000)
 Metaspace       used 78373K, committed 80064K, reserved 1179648K
  class space    used 7924K, committed 8640K, reserved 1048576K

Card table byte_map: [0x000002c371ed0000,0x000002c3722e0000] _byte_map_base: 0x000002c371ad0000

Marking Bits: (ParMarkBitMap*) 0x00007ffc44a23450
 Begin Bits: [0x000002c3759e0000, 0x000002c3779e0000)
 End Bits:   [0x000002c3779e0000, 0x000002c3799e0000)

Polling page: 0x000002c370390000

Metaspace:

Usage:
  Non-class:     68.80 MB used.
      Class:      7.74 MB used.
       Both:     76.54 MB used.

Virtual space:
  Non-class space:      128.00 MB reserved,      69.75 MB ( 54%) committed,  2 nodes.
      Class space:        1.00 GB reserved,       8.44 MB ( <1%) committed,  1 nodes.
             Both:        1.12 GB reserved,      78.19 MB (  7%) committed. 

Chunk freelists:
   Non-Class:  9.73 MB
       Class:  7.44 MB
        Both:  17.18 MB

MaxMetaspaceSize: unlimited
CompressedClassSpaceSize: 1.00 GB
Initial GC threshold: 21.00 MB
Current GC threshold: 112.62 MB
CDS: on
 - commit_granule_bytes: 65536.
 - commit_granule_words: 8192.
 - virtual_space_node_default_size: 8388608.
 - enlarge_chunks_in_place: 1.
 - use_allocation_guard: 0.


Internal statistics:

num_allocs_failed_limit: 9.
num_arena_births: 1534.
num_arena_deaths: 14.
num_vsnodes_births: 3.
num_vsnodes_deaths: 0.
num_space_committed: 1251.
num_space_uncommitted: 0.
num_chunks_returned_to_freelist: 23.
num_chunks_taken_from_freelist: 5243.
num_chunk_merges: 10.
num_chunk_splits: 3149.
num_chunks_enlarged: 1733.
num_inconsistent_stats: 0.

CodeHeap 'non-profiled nmethods': size=120000Kb used=22275Kb max_used=22275Kb free=97724Kb
 bounds [0x000002c307ad0000, 0x000002c3090a0000, 0x000002c30f000000]
CodeHeap 'profiled nmethods': size=120000Kb used=45648Kb max_used=45648Kb free=74351Kb
 bounds [0x000002c300000000, 0x000002c302ca0000, 0x000002c307530000]
CodeHeap 'non-nmethods': size=5760Kb used=1497Kb max_used=1658Kb free=4263Kb
 bounds [0x000002c307530000, 0x000002c3077a0000, 0x000002c307ad0000]
CodeCache: size=245760Kb, used=69420Kb, max_used=69581Kb, free=176338Kb
 total_blobs=18375, nmethods=17561, adapters=716, full_count=0
Compilation: enabled, stopped_count=0, restarted_count=0

Compilation events (20 events):
Event: 3926.258 Thread 0x000002c3724c65b0 19340       3       org.eclipse.jdt.ls.core.internal.ParentProcessWatcher::parentProcessStillRunning (62 bytes)
Event: 3926.274 Thread 0x000002c3724c65b0 nmethod 19340 0x000002c302c8e090 code [0x000002c302c8e2c0, 0x000002c302c8e9a8]
Event: 4131.798 Thread 0x000002c3724c65b0 19341       3       org.eclipse.core.internal.resources.MarkerAttributeMap::shareStrings (92 bytes)
Event: 4131.821 Thread 0x000002c3724c65b0 nmethod 19341 0x000002c302c8ec10 code [0x000002c302c8eea0, 0x000002c302c8fd50]
Event: 4131.821 Thread 0x000002c3724c65b0 19342       3       org.eclipse.core.runtime.jobs.Job::setThread (6 bytes)
Event: 4131.823 Thread 0x000002c3724c65b0 nmethod 19342 0x000002c302c90090 code [0x000002c302c90220, 0x000002c302c90360]
Event: 4406.525 Thread 0x000002c3724c4fa0 19343       4       java.util.concurrent.ThreadPoolExecutor::runStateAtLeast (11 bytes)
Event: 4406.534 Thread 0x000002c3724c4fa0 nmethod 19343 0x000002c309090c10 code [0x000002c309090d80, 0x000002c309090df8]
Event: 4688.442 Thread 0x000002c3724c65b0 19344   !   3       java.lang.ref.ReferenceQueue::remove (61 bytes)
Event: 4688.482 Thread 0x000002c3724c65b0 nmethod 19344 0x000002c302c90410 code [0x000002c302c906a0, 0x000002c302c91228]
Event: 4688.482 Thread 0x000002c3724c65b0 19345       3       java.lang.ref.ReferenceQueue::remove0 (64 bytes)
Event: 4688.486 Thread 0x000002c3724c65b0 nmethod 19345 0x000002c302c91610 code [0x000002c302c91820, 0x000002c302c91ca0]
Event: 5032.016 Thread 0x000002c3724c65b0 19346       3       org.eclipse.core.internal.resources.MarkerInfo::shareStrings (21 bytes)
Event: 5032.031 Thread 0x000002c3724c65b0 nmethod 19346 0x000002c302c91e10 code [0x000002c302c91fe0, 0x000002c302c921c0]
Event: 5049.204 Thread 0x000002c3724c65b0 19347       3       java.lang.ref.ReferenceQueue::await (15 bytes)
Event: 5049.215 Thread 0x000002c3724c65b0 nmethod 19347 0x000002c302c92310 code [0x000002c302c924c0, 0x000002c302c92660]
Event: 5139.304 Thread 0x000002c3724c65b0 19348       3       java.util.concurrent.locks.AbstractQueuedSynchronizer$ConditionObject::await (202 bytes)
Event: 5139.350 Thread 0x000002c3724c65b0 nmethod 19348 0x000002c302c92790 code [0x000002c302c92a80, 0x000002c302c938b0]
Event: 5530.030 Thread 0x000002c3724c65b0 19350       3       jdk.internal.access.SharedSecrets::getJavaAWTAccess (4 bytes)
Event: 5530.382 Thread 0x000002c3724c65b0 nmethod 19350 0x000002c302c93e90 code [0x000002c302c94020, 0x000002c302c94118]

GC Heap History (20 events):
Event: 596.650 GC heap before
{Heap before GC invocations=737 (full 4):
 PSYoungGen      total 5632K, used 4866K [0x00000000d5580000, 0x00000000d5d80000, 0x0000000100000000)
  eden space 5120K, 85% used [0x00000000d5580000,0x00000000d59c3770,0x00000000d5a80000)
  from space 512K, 97% used [0x00000000d5d00000,0x00000000d5d7d220,0x00000000d5d80000)
  to   space 1024K, 0% used [0x00000000d5b80000,0x00000000d5b80000,0x00000000d5c80000)
 ParOldGen       total 344064K, used 343556K [0x0000000080000000, 0x0000000095000000, 0x00000000d5580000)
  object space 344064K, 99% used [0x0000000080000000,0x0000000094f81398,0x0000000095000000)
 Metaspace       used 77867K, committed 79552K, reserved 1179648K
  class space    used 7871K, committed 8640K, reserved 1048576K
}
Event: 596.652 GC heap after
{Heap after GC invocations=737 (full 4):
 PSYoungGen      total 6144K, used 456K [0x00000000d5580000, 0x00000000d5d80000, 0x0000000100000000)
  eden space 5120K, 0% used [0x00000000d5580000,0x00000000d5580000,0x00000000d5a80000)
  from space 1024K, 44% used [0x00000000d5b80000,0x00000000d5bf22a0,0x00000000d5c80000)
  to   space 1024K, 0% used [0x00000000d5c80000,0x00000000d5c80000,0x00000000d5d80000)
 ParOldGen       total 344064K, used 343961K [0x0000000080000000, 0x0000000095000000, 0x00000000d5580000)
  object space 344064K, 99% used [0x0000000080000000,0x0000000094fe65b8,0x0000000095000000)
 Metaspace       used 77867K, committed 79552K, reserved 1179648K
  class space    used 7871K, committed 8640K, reserved 1048576K
}
Event: 600.312 GC heap before
{Heap before GC invocations=738 (full 4):
 PSYoungGen      total 6144K, used 5518K [0x00000000d5580000, 0x00000000d5d80000, 0x0000000100000000)
  eden space 5120K, 98% used [0x00000000d5580000,0x00000000d5a71828,0x00000000d5a80000)
  from space 1024K, 44% used [0x00000000d5b80000,0x00000000d5bf22a0,0x00000000d5c80000)
  to   space 1024K, 0% used [0x00000000d5c80000,0x00000000d5c80000,0x00000000d5d80000)
 ParOldGen       total 344064K, used 343961K [0x0000000080000000, 0x0000000095000000, 0x00000000d5580000)
  object space 344064K, 99% used [0x0000000080000000,0x0000000094fe65b8,0x0000000095000000)
 Metaspace       used 77871K, committed 79552K, reserved 1179648K
  class space    used 7871K, committed 8640K, reserved 1048576K
}
Event: 600.316 GC heap after
{Heap after GC invocations=738 (full 4):
 PSYoungGen      total 5632K, used 995K [0x00000000d5580000, 0x00000000d5f80000, 0x0000000100000000)
  eden space 4608K, 0% used [0x00000000d5580000,0x00000000d5580000,0x00000000d5a00000)
  from space 1024K, 97% used [0x00000000d5c80000,0x00000000d5d78c40,0x00000000d5d80000)
  to   space 2560K, 0% used [0x00000000d5a00000,0x00000000d5a00000,0x00000000d5c80000)
 ParOldGen       total 345600K, used 345051K [0x0000000080000000, 0x0000000095180000, 0x00000000d5580000)
  object space 345600K, 99% used [0x0000000080000000,0x00000000950f6e88,0x0000000095180000)
 Metaspace       used 77871K, committed 79552K, reserved 1179648K
  class space    used 7871K, committed 8640K, reserved 1048576K
}
Event: 600.778 GC heap before
{Heap before GC invocations=739 (full 4):
 PSYoungGen      total 5632K, used 5603K [0x00000000d5580000, 0x00000000d5f80000, 0x0000000100000000)
  eden space 4608K, 100% used [0x00000000d5580000,0x00000000d5a00000,0x00000000d5a00000)
  from space 1024K, 97% used [0x00000000d5c80000,0x00000000d5d78c40,0x00000000d5d80000)
  to   space 2560K, 0% used [0x00000000d5a00000,0x00000000d5a00000,0x00000000d5c80000)
 ParOldGen       total 345600K, used 345051K [0x0000000080000000, 0x0000000095180000, 0x00000000d5580000)
  object space 345600K, 99% used [0x0000000080000000,0x00000000950f6e88,0x0000000095180000)
 Metaspace       used 77983K, committed 79616K, reserved 1179648K
  class space    used 7894K, committed 8640K, reserved 1048576K
}
Event: 600.800 GC heap after
{Heap after GC invocations=739 (full 4):
 PSYoungGen      total 6144K, used 1042K [0x00000000d5580000, 0x00000000d5d00000, 0x0000000100000000)
  eden space 4608K, 0% used [0x00000000d5580000,0x00000000d5580000,0x00000000d5a00000)
  from space 1536K, 67% used [0x00000000d5a00000,0x00000000d5b04bb0,0x00000000d5b80000)
  to   space 1536K, 0% used [0x00000000d5b80000,0x00000000d5b80000,0x00000000d5d00000)
 ParOldGen       total 346112K, used 345959K [0x0000000080000000, 0x0000000095200000, 0x00000000d5580000)
  object space 346112K, 99% used [0x0000000080000000,0x00000000951d9c50,0x0000000095200000)
 Metaspace       used 77983K, committed 79616K, reserved 1179648K
  class space    used 7894K, committed 8640K, reserved 1048576K
}
Event: 601.340 GC heap before
{Heap before GC invocations=740 (full 4):
 PSYoungGen      total 6144K, used 5650K [0x00000000d5580000, 0x00000000d5d00000, 0x0000000100000000)
  eden space 4608K, 100% used [0x00000000d5580000,0x00000000d5a00000,0x00000000d5a00000)
  from space 1536K, 67% used [0x00000000d5a00000,0x00000000d5b04bb0,0x00000000d5b80000)
  to   space 1536K, 0% used [0x00000000d5b80000,0x00000000d5b80000,0x00000000d5d00000)
 ParOldGen       total 346112K, used 345959K [0x0000000080000000, 0x0000000095200000, 0x00000000d5580000)
  object space 346112K, 99% used [0x0000000080000000,0x00000000951d9c50,0x0000000095200000)
 Metaspace       used 78017K, committed 79680K, reserved 1179648K
  class space    used 7896K, committed 8640K, reserved 1048576K
}
Event: 601.345 GC heap after
{Heap after GC invocations=740 (full 4):
 PSYoungGen      total 5632K, used 832K [0x00000000d5580000, 0x00000000d5c80000, 0x0000000100000000)
  eden space 4608K, 0% used [0x00000000d5580000,0x00000000d5580000,0x00000000d5a00000)
  from space 1024K, 81% used [0x00000000d5b80000,0x00000000d5c50000,0x00000000d5c80000)
  to   space 1024K, 0% used [0x00000000d5a80000,0x00000000d5a80000,0x00000000d5b80000)
 ParOldGen       total 346624K, used 346599K [0x0000000080000000, 0x0000000095280000, 0x00000000d5580000)
  object space 346624K, 99% used [0x0000000080000000,0x0000000095279c60,0x0000000095280000)
 Metaspace       used 78017K, committed 79680K, reserved 1179648K
  class space    used 7896K, committed 8640K, reserved 1048576K
}
Event: 604.471 GC heap before
{Heap before GC invocations=741 (full 4):
 PSYoungGen      total 5632K, used 5440K [0x00000000d5580000, 0x00000000d5c80000, 0x0000000100000000)
  eden space 4608K, 100% used [0x00000000d5580000,0x00000000d5a00000,0x00000000d5a00000)
  from space 1024K, 81% used [0x00000000d5b80000,0x00000000d5c50000,0x00000000d5c80000)
  to   space 1024K, 0% used [0x00000000d5a80000,0x00000000d5a80000,0x00000000d5b80000)
 ParOldGen       total 346624K, used 346599K [0x0000000080000000, 0x0000000095280000, 0x00000000d5580000)
  object space 346624K, 99% used [0x0000000080000000,0x0000000095279c60,0x0000000095280000)
 Metaspace       used 78085K, committed 79808K, reserved 1179648K
  class space    used 7901K, committed 8640K, reserved 1048576K
}
Event: 604.475 GC heap after
{Heap after GC invocations=741 (full 4):
 PSYoungGen      total 5632K, used 256K [0x00000000d5580000, 0x00000000d5c00000, 0x0000000100000000)
  eden space 4608K, 0% used [0x00000000d5580000,0x00000000d5580000,0x00000000d5a00000)
  from space 1024K, 25% used [0x00000000d5a80000,0x00000000d5ac0000,0x00000000d5b80000)
  to   space 512K, 0% used [0x00000000d5b80000,0x00000000d5b80000,0x00000000d5c00000)
 ParOldGen       total 347648K, used 347385K [0x0000000080000000, 0x0000000095380000, 0x00000000d5580000)
  object space 347648K, 99% used [0x0000000080000000,0x000000009533e708,0x0000000095380000)
 Metaspace       used 78085K, committed 79808K, reserved 1179648K
  class space    used 7901K, committed 8640K, reserved 1048576K
}
Event: 608.400 GC heap before
{Heap before GC invocations=742 (full 4):
 PSYoungGen      total 5632K, used 4864K [0x00000000d5580000, 0x00000000d5c00000, 0x0000000100000000)
  eden space 4608K, 100% used [0x00000000d5580000,0x00000000d5a00000,0x00000000d5a00000)
  from space 1024K, 25% used [0x00000000d5a80000,0x00000000d5ac0000,0x00000000d5b80000)
  to   space 512K, 0% used [0x00000000d5b80000,0x00000000d5b80000,0x00000000d5c00000)
 ParOldGen       total 347648K, used 347385K [0x0000000080000000, 0x0000000095380000, 0x00000000d5580000)
  object space 347648K, 99% used [0x0000000080000000,0x000000009533e708,0x0000000095380000)
 Metaspace       used 78192K, committed 79872K, reserved 1179648K
  class space    used 7918K, committed 8640K, reserved 1048576K
}
Event: 608.403 GC heap after
{Heap after GC invocations=742 (full 4):
 PSYoungGen      total 5120K, used 502K [0x00000000d5580000, 0x00000000d5c00000, 0x0000000100000000)
  eden space 4608K, 0% used [0x00000000d5580000,0x00000000d5580000,0x00000000d5a00000)
  from space 512K, 98% used [0x00000000d5b80000,0x00000000d5bfdbe0,0x00000000d5c00000)
  to   space 1024K, 0% used [0x00000000d5a00000,0x00000000d5a00000,0x00000000d5b00000)
 ParOldGen       total 347648K, used 347529K [0x0000000080000000, 0x0000000095380000, 0x00000000d5580000)
  object space 347648K, 99% used [0x0000000080000000,0x0000000095362708,0x0000000095380000)
 Metaspace       used 78192K, committed 79872K, reserved 1179648K
  class space    used 7918K, committed 8640K, reserved 1048576K
}
Event: 609.484 GC heap before
{Heap before GC invocations=743 (full 4):
 PSYoungGen      total 5120K, used 5110K [0x00000000d5580000, 0x00000000d5c00000, 0x0000000100000000)
  eden space 4608K, 100% used [0x00000000d5580000,0x00000000d5a00000,0x00000000d5a00000)
  from space 512K, 98% used [0x00000000d5b80000,0x00000000d5bfdbe0,0x00000000d5c00000)
  to   space 1024K, 0% used [0x00000000d5a00000,0x00000000d5a00000,0x00000000d5b00000)
 ParOldGen       total 347648K, used 347529K [0x0000000080000000, 0x0000000095380000, 0x00000000d5580000)
  object space 347648K, 99% used [0x0000000080000000,0x0000000095362708,0x0000000095380000)
 Metaspace       used 78215K, committed 79936K, reserved 1179648K
  class space    used 7918K, committed 8640K, reserved 1048576K
}
Event: 609.540 GC heap after
{Heap after GC invocations=743 (full 4):
 PSYoungGen      total 5632K, used 432K [0x00000000d5580000, 0x00000000d5c00000, 0x0000000100000000)
  eden space 4608K, 0% used [0x00000000d5580000,0x00000000d5580000,0x00000000d5a00000)
  from space 1024K, 42% used [0x00000000d5a00000,0x00000000d5a6c010,0x00000000d5b00000)
  to   space 512K, 0% used [0x00000000d5b80000,0x00000000d5b80000,0x00000000d5c00000)
 ParOldGen       total 348160K, used 347931K [0x0000000080000000, 0x0000000095400000, 0x00000000d5580000)
  object space 348160K, 99% used [0x0000000080000000,0x00000000953c6fa8,0x0000000095400000)
 Metaspace       used 78215K, committed 79936K, reserved 1179648K
  class space    used 7918K, committed 8640K, reserved 1048576K
}
Event: 610.024 GC heap before
{Heap before GC invocations=744 (full 4):
 PSYoungGen      total 5632K, used 5040K [0x00000000d5580000, 0x00000000d5c00000, 0x0000000100000000)
  eden space 4608K, 100% used [0x00000000d5580000,0x00000000d5a00000,0x00000000d5a00000)
  from space 1024K, 42% used [0x00000000d5a00000,0x00000000d5a6c010,0x00000000d5b00000)
  to   space 512K, 0% used [0x00000000d5b80000,0x00000000d5b80000,0x00000000d5c00000)
 ParOldGen       total 348160K, used 347931K [0x0000000080000000, 0x0000000095400000, 0x00000000d5580000)
  object space 348160K, 99% used [0x0000000080000000,0x00000000953c6fa8,0x0000000095400000)
 Metaspace       used 78249K, committed 79936K, reserved 1179648K
  class space    used 7919K, committed 8640K, reserved 1048576K
}
Event: 610.029 GC heap after
{Heap after GC invocations=744 (full 4):
 PSYoungGen      total 5120K, used 480K [0x00000000d5580000, 0x00000000d5c00000, 0x0000000100000000)
  eden space 4608K, 0% used [0x00000000d5580000,0x00000000d5580000,0x00000000d5a00000)
  from space 512K, 93% used [0x00000000d5b80000,0x00000000d5bf8000,0x00000000d5c00000)
  to   space 512K, 0% used [0x00000000d5b00000,0x00000000d5b00000,0x00000000d5b80000)
 ParOldGen       total 348672K, used 348193K [0x0000000080000000, 0x0000000095480000, 0x00000000d5580000)
  object space 348672K, 99% used [0x0000000080000000,0x00000000954087a0,0x0000000095480000)
 Metaspace       used 78249K, committed 79936K, reserved 1179648K
  class space    used 7919K, committed 8640K, reserved 1048576K
}
Event: 610.272 GC heap before
{Heap before GC invocations=745 (full 4):
 PSYoungGen      total 5120K, used 5088K [0x00000000d5580000, 0x00000000d5c00000, 0x0000000100000000)
  eden space 4608K, 100% used [0x00000000d5580000,0x00000000d5a00000,0x00000000d5a00000)
  from space 512K, 93% used [0x00000000d5b80000,0x00000000d5bf8000,0x00000000d5c00000)
  to   space 512K, 0% used [0x00000000d5b00000,0x00000000d5b00000,0x00000000d5b80000)
 ParOldGen       total 348672K, used 348193K [0x0000000080000000, 0x0000000095480000, 0x00000000d5580000)
  object space 348672K, 99% used [0x0000000080000000,0x00000000954087a0,0x0000000095480000)
 Metaspace       used 78259K, committed 79936K, reserved 1179648K
  class space    used 7919K, committed 8640K, reserved 1048576K
}
Event: 610.274 GC heap after
{Heap after GC invocations=745 (full 4):
 PSYoungGen      total 5120K, used 503K [0x00000000d5580000, 0x00000000d5d00000, 0x0000000100000000)
  eden space 4608K, 0% used [0x00000000d5580000,0x00000000d5580000,0x00000000d5a00000)
  from space 512K, 98% used [0x00000000d5b00000,0x00000000d5b7dd38,0x00000000d5b80000)
  to   space 1536K, 0% used [0x00000000d5b80000,0x00000000d5b80000,0x00000000d5d00000)
 ParOldGen       total 349184K, used 348706K [0x0000000080000000, 0x0000000095500000, 0x00000000d5580000)
  object space 349184K, 99% used [0x0000000080000000,0x0000000095488b50,0x0000000095500000)
 Metaspace       used 78259K, committed 79936K, reserved 1179648K
  class space    used 7919K, committed 8640K, reserved 1048576K
}
Event: 1119.884 GC heap before
{Heap before GC invocations=746 (full 4):
 PSYoungGen      total 5120K, used 5111K [0x00000000d5580000, 0x00000000d5d00000, 0x0000000100000000)
  eden space 4608K, 100% used [0x00000000d5580000,0x00000000d5a00000,0x00000000d5a00000)
  from space 512K, 98% used [0x00000000d5b00000,0x00000000d5b7dd38,0x00000000d5b80000)
  to   space 1536K, 0% used [0x00000000d5b80000,0x00000000d5b80000,0x00000000d5d00000)
 ParOldGen       total 349184K, used 348706K [0x0000000080000000, 0x0000000095500000, 0x00000000d5580000)
  object space 349184K, 99% used [0x0000000080000000,0x0000000095488b50,0x0000000095500000)
 Metaspace       used 78340K, committed 80000K, reserved 1179648K
  class space    used 7923K, committed 8640K, reserved 1048576K
}
Event: 1120.042 GC heap after
{Heap after GC invocations=746 (full 4):
 PSYoungGen      total 5120K, used 256K [0x00000000d5580000, 0x00000000d5c00000, 0x0000000100000000)
  eden space 4608K, 0% used [0x00000000d5580000,0x00000000d5580000,0x00000000d5a00000)
  from space 512K, 50% used [0x00000000d5b80000,0x00000000d5bc0000,0x00000000d5c00000)
  to   space 1024K, 0% used [0x00000000d5a00000,0x00000000d5a00000,0x00000000d5b00000)
 ParOldGen       total 349696K, used 349228K [0x0000000080000000, 0x0000000095580000, 0x00000000d5580000)
  object space 349696K, 99% used [0x0000000080000000,0x000000009550b180,0x0000000095580000)
 Metaspace       used 78340K, committed 80000K, reserved 1179648K
  class space    used 7923K, committed 8640K, reserved 1048576K
}

Dll operation events (12 events):
Event: 0.050 Loaded shared library c:\Users\roiga\.cursor\extensions\redhat.java-1.54.0-win32-x64\jre\21.0.10-win32-x86_64\bin\java.dll
Event: 0.531 Loaded shared library c:\Users\roiga\.cursor\extensions\redhat.java-1.54.0-win32-x64\jre\21.0.10-win32-x86_64\bin\zip.dll
Event: 0.651 Loaded shared library C:\Users\roiga\.cursor\extensions\redhat.java-1.54.0-win32-x64\jre\21.0.10-win32-x86_64\bin\instrument.dll
Event: 0.664 Loaded shared library C:\Users\roiga\.cursor\extensions\redhat.java-1.54.0-win32-x64\jre\21.0.10-win32-x86_64\bin\net.dll
Event: 0.673 Loaded shared library C:\Users\roiga\.cursor\extensions\redhat.java-1.54.0-win32-x64\jre\21.0.10-win32-x86_64\bin\nio.dll
Event: 0.680 Loaded shared library C:\Users\roiga\.cursor\extensions\redhat.java-1.54.0-win32-x64\jre\21.0.10-win32-x86_64\bin\zip.dll
Event: 0.910 Loaded shared library C:\Users\roiga\.cursor\extensions\redhat.java-1.54.0-win32-x64\jre\21.0.10-win32-x86_64\bin\jimage.dll
Event: 1.430 Loaded shared library c:\Users\roiga\.cursor\extensions\redhat.java-1.54.0-win32-x64\jre\21.0.10-win32-x86_64\bin\verify.dll
Event: 6.458 Loaded shared library C:\Users\roiga\AppData\Roaming\Cursor\User\globalStorage\redhat.java\1.54.0\config_win\org.eclipse.equinox.launcher\org.eclipse.equinox.launcher.win32.win32.x86_64_1.3.0.v20260203-2149\eclipse_11919.dll
Event: 17.013 Loaded shared library C:\Users\roiga\AppData\Local\Temp\jna-108692390\jna3705621975811303707.dll
Event: 45.231 Loaded shared library C:\Users\roiga\.cursor\extensions\redhat.java-1.54.0-win32-x64\jre\21.0.10-win32-x86_64\bin\sunmscapi.dll
Event: 45.746 Loaded shared library C:\Users\roiga\.cursor\extensions\redhat.java-1.54.0-win32-x64\jre\21.0.10-win32-x86_64\bin\extnet.dll

Deoptimization events (20 events):
Event: 610.232 Thread 0x000002c35476dc10 Uncommon trap: trap_request=0xffffffc6 fr.pc=0x000002c30905e554 relative=0x0000000000002114
Event: 610.232 Thread 0x000002c35476dc10 Uncommon trap: reason=bimorphic_or_optimized_type_check action=maybe_recompile pc=0x000002c30905e554 method=org.eclipse.jdt.internal.compiler.parser.Scanner.atMultiCaseComma()Z @ 33 c2
Event: 610.232 Thread 0x000002c35476dc10 DEOPT PACKING pc=0x000002c30905e554 sp=0x000000e447efeaa0
Event: 610.232 Thread 0x000002c35476dc10 DEOPT UNPACKING pc=0x000002c307583aa2 sp=0x000000e447efe8a8 mode 2
Event: 610.232 Thread 0x000002c35476dc10 Uncommon trap: trap_request=0xffffffc6 fr.pc=0x000002c308ecab4c relative=0x000000000000062c
Event: 610.232 Thread 0x000002c35476dc10 Uncommon trap: reason=bimorphic_or_optimized_type_check action=maybe_recompile pc=0x000002c308ecab4c method=org.eclipse.jdt.internal.compiler.parser.Scanner.atMultiCaseComma()Z @ 33 c2
Event: 610.232 Thread 0x000002c35476dc10 DEOPT PACKING pc=0x000002c308ecab4c sp=0x000000e447efea30
Event: 610.232 Thread 0x000002c35476dc10 DEOPT UNPACKING pc=0x000002c307583aa2 sp=0x000000e447efe8a8 mode 2
Event: 610.234 Thread 0x000002c35476dc10 Uncommon trap: trap_request=0xffffffc6 fr.pc=0x000002c30905e554 relative=0x0000000000002114
Event: 610.234 Thread 0x000002c35476dc10 Uncommon trap: reason=bimorphic_or_optimized_type_check action=maybe_recompile pc=0x000002c30905e554 method=org.eclipse.jdt.internal.compiler.parser.Scanner.atMultiCaseComma()Z @ 33 c2
Event: 610.234 Thread 0x000002c35476dc10 DEOPT PACKING pc=0x000002c30905e554 sp=0x000000e447efeaa0
Event: 610.234 Thread 0x000002c35476dc10 DEOPT UNPACKING pc=0x000002c307583aa2 sp=0x000000e447efe8a8 mode 2
Event: 610.267 Thread 0x000002c35476dc10 Uncommon trap: trap_request=0xffffff45 fr.pc=0x000002c307ebd990 relative=0x00000000000007d0
Event: 610.267 Thread 0x000002c35476dc10 Uncommon trap: reason=unstable_if action=reinterpret pc=0x000002c307ebd990 method=java.util.HashMap.putVal(ILjava/lang/Object;Ljava/lang/Object;ZZ)Ljava/lang/Object; @ 109 c2
Event: 610.267 Thread 0x000002c35476dc10 DEOPT PACKING pc=0x000002c307ebd990 sp=0x000000e447efe5f0
Event: 610.267 Thread 0x000002c35476dc10 DEOPT UNPACKING pc=0x000002c307583aa2 sp=0x000000e447efe500 mode 2
Event: 610.268 Thread 0x000002c35476dc10 Uncommon trap: trap_request=0xffffff45 fr.pc=0x000002c307fadf80 relative=0x0000000000000640
Event: 610.268 Thread 0x000002c35476dc10 Uncommon trap: reason=unstable_if action=reinterpret pc=0x000002c307fadf80 method=java.util.HashMap.putVal(ILjava/lang/Object;Ljava/lang/Object;ZZ)Ljava/lang/Object; @ 109 c2
Event: 610.268 Thread 0x000002c35476dc10 DEOPT PACKING pc=0x000002c307fadf80 sp=0x000000e447efe550
Event: 610.268 Thread 0x000002c35476dc10 DEOPT UNPACKING pc=0x000002c307583aa2 sp=0x000000e447efe4f8 mode 2

Classes loaded (20 events):
Event: 543.548 Loading class java/lang/UnsupportedClassVersionError
Event: 543.549 Loading class java/lang/UnsupportedClassVersionError done
Event: 543.594 Loading class java/util/Hashtable$KeySet
Event: 543.619 Loading class java/util/Hashtable$KeySet done
Event: 567.765 Loading class jdk/internal/event/SecurityPropertyModificationEvent
Event: 567.768 Loading class jdk/internal/event/SecurityPropertyModificationEvent done
Event: 569.519 Loading class java/util/zip/CheckedInputStream
Event: 569.563 Loading class java/util/zip/CheckedInputStream done
Event: 572.828 Loading class java/util/zip/GZIPInputStream$1
Event: 572.913 Loading class java/util/zip/GZIPInputStream$1 done
Event: 604.386 Loading class java/util/stream/ReduceOps$5
Event: 604.387 Loading class java/util/stream/ReduceOps$5 done
Event: 604.387 Loading class java/util/stream/ReduceOps$CountingSink$OfRef
Event: 604.387 Loading class java/util/stream/ReduceOps$CountingSink
Event: 604.388 Loading class java/util/stream/ReduceOps$CountingSink done
Event: 604.388 Loading class java/util/stream/ReduceOps$CountingSink$OfRef done
Event: 606.016 Loading class java/util/stream/ReduceOps$1
Event: 606.038 Loading class java/util/stream/ReduceOps$1 done
Event: 606.039 Loading class java/util/stream/ReduceOps$1ReducingSink
Event: 606.040 Loading class java/util/stream/ReduceOps$1ReducingSink done

Classes unloaded (7 events):
Event: 19.769 Thread 0x000002c3724a3530 Unloading class 0x000002c3101ad000 'java/lang/invoke/LambdaForm$MH+0x000002c3101ad000'
Event: 19.769 Thread 0x000002c3724a3530 Unloading class 0x000002c3101acc00 'java/lang/invoke/LambdaForm$MH+0x000002c3101acc00'
Event: 19.769 Thread 0x000002c3724a3530 Unloading class 0x000002c3101ac800 'java/lang/invoke/LambdaForm$MH+0x000002c3101ac800'
Event: 19.769 Thread 0x000002c3724a3530 Unloading class 0x000002c3101ac400 'java/lang/invoke/LambdaForm$MH+0x000002c3101ac400'
Event: 19.769 Thread 0x000002c3724a3530 Unloading class 0x000002c3101ac000 'java/lang/invoke/LambdaForm$BMH+0x000002c3101ac000'
Event: 19.769 Thread 0x000002c3724a3530 Unloading class 0x000002c3101abc00 'java/lang/invoke/LambdaForm$DMH+0x000002c3101abc00'
Event: 19.769 Thread 0x000002c3724a3530 Unloading class 0x000002c3101aa800 'java/lang/invoke/LambdaForm$DMH+0x000002c3101aa800'

Classes redefined (0 events):
No events

Internal exceptions (20 events):
Event: 580.871 Thread 0x000002c3563c29d0 Exception <a 'sun/nio/fs/WindowsException'{0x00000000d56e2ae0}> (0x00000000d56e2ae0) 
thrown [s\src\hotspot\share\prims\jni.cpp, line 520]
Event: 580.871 Thread 0x000002c3563c29d0 Exception <a 'sun/nio/fs/WindowsException'{0x00000000d56e3000}> (0x00000000d56e3000) 
thrown [s\src\hotspot\share\prims\jni.cpp, line 520]
Event: 585.223 Thread 0x000002c355321bd0 Exception <a 'java/lang/IncompatibleClassChangeError'{0x00000000d5634fd0}: Found class java.lang.Object, but interface was expected> (0x00000000d5634fd0) 
thrown [s\src\hotspot\share\interpreter\linkResolver.cpp, line 840]
Event: 585.555 Thread 0x000002c3563c4aa0 Exception <a 'java/lang/NoSuchMethodError'{0x00000000d5685188}: 'java.lang.Object java.lang.invoke.DirectMethodHandle$Holder.invokeSpecial(java.lang.Object, java.lang.Object, java.lang.Object, java.lang.Object, int, java.lang.Object, java.lang.Object)'> (0x00000000d5685188) 
thrown [s\src\hotspot\share\interpreter\linkResolver.cpp, line 773]
Event: 590.895 Thread 0x000002c3563c29d0 Exception <a 'sun/nio/fs/WindowsException'{0x00000000d596a168}> (0x00000000d596a168) 
thrown [s\src\hotspot\share\prims\jni.cpp, line 520]
Event: 590.895 Thread 0x000002c3563c29d0 Exception <a 'sun/nio/fs/WindowsException'{0x00000000d596a688}> (0x00000000d596a688) 
thrown [s\src\hotspot\share\prims\jni.cpp, line 520]
Event: 591.958 Thread 0x000002c3563c29d0 Exception <a 'sun/nio/fs/WindowsException'{0x00000000d59c8710}> (0x00000000d59c8710) 
thrown [s\src\hotspot\share\prims\jni.cpp, line 520]
Event: 591.958 Thread 0x000002c3563c29d0 Exception <a 'sun/nio/fs/WindowsException'{0x00000000d59c8c30}> (0x00000000d59c8c30) 
thrown [s\src\hotspot\share\prims\jni.cpp, line 520]
Event: 591.962 Thread 0x000002c3563c29d0 Exception <a 'sun/nio/fs/WindowsException'{0x00000000d5a6d780}> (0x00000000d5a6d780) 
thrown [s\src\hotspot\share\prims\jni.cpp, line 520]
Event: 591.962 Thread 0x000002c3563c29d0 Exception <a 'sun/nio/fs/WindowsException'{0x00000000d5a6dca0}> (0x00000000d5a6dca0) 
thrown [s\src\hotspot\share\prims\jni.cpp, line 520]
Event: 595.155 Thread 0x000002c3563c0f90 Exception <a 'sun/nio/fs/WindowsException'{0x00000000d58e36a0}> (0x00000000d58e36a0) 
thrown [s\src\hotspot\share\prims\jni.cpp, line 520]
Event: 595.155 Thread 0x000002c3563c0f90 Exception <a 'sun/nio/fs/WindowsException'{0x00000000d58e3e70}> (0x00000000d58e3e70) 
thrown [s\src\hotspot\share\prims\jni.cpp, line 520]
Event: 595.156 Thread 0x000002c3563c0f90 Exception <a 'sun/nio/fs/WindowsException'{0x00000000d58e4a68}> (0x00000000d58e4a68) 
thrown [s\src\hotspot\share\prims\jni.cpp, line 520]
Event: 595.156 Thread 0x000002c3563c0f90 Exception <a 'sun/nio/fs/WindowsException'{0x00000000d5913c98}> (0x00000000d5913c98) 
thrown [s\src\hotspot\share\prims\jni.cpp, line 520]
Event: 595.157 Thread 0x000002c3563c0f90 Exception <a 'sun/nio/fs/WindowsException'{0x00000000d59152c0}> (0x00000000d59152c0) 
thrown [s\src\hotspot\share\prims\jni.cpp, line 520]
Event: 595.157 Thread 0x000002c3563c0f90 Exception <a 'sun/nio/fs/WindowsException'{0x00000000d5915d08}> (0x00000000d5915d08) 
thrown [s\src\hotspot\share\prims\jni.cpp, line 520]
Event: 595.179 Thread 0x000002c3563c0f90 Exception <a 'sun/nio/fs/WindowsException'{0x00000000d5938b98}> (0x00000000d5938b98) 
thrown [s\src\hotspot\share\prims\jni.cpp, line 520]
Event: 595.179 Thread 0x000002c3563c0f90 Exception <a 'sun/nio/fs/WindowsException'{0x00000000d5939368}> (0x00000000d5939368) 
thrown [s\src\hotspot\share\prims\jni.cpp, line 520]
Event: 604.470 Thread 0x000002c35476dc10 Exception <a 'sun/nio/fs/WindowsException'{0x00000000d59af118}> (0x00000000d59af118) 
thrown [s\src\hotspot\share\prims\jni.cpp, line 520]
Event: 604.470 Thread 0x000002c35476dc10 Exception <a 'sun/nio/fs/WindowsException'{0x00000000d59af638}> (0x00000000d59af638) 
thrown [s\src\hotspot\share\prims\jni.cpp, line 520]

ZGC Phase Switch (0 events):
No events

VM Operations (20 events):
Event: 5414.200 Executing non-safepoint VM operation: HandshakeAllThreads (HandshakeForDeflation)
Event: 5414.202 Executing non-safepoint VM operation: HandshakeAllThreads (HandshakeForDeflation) done
Event: 5414.202 Executing non-safepoint VM operation: RendezvousGCThreads
Event: 5414.202 Executing non-safepoint VM operation: RendezvousGCThreads done
Event: 5474.432 Executing non-safepoint VM operation: HandshakeAllThreads (HandshakeForDeflation)
Event: 5474.432 Executing non-safepoint VM operation: HandshakeAllThreads (HandshakeForDeflation) done
Event: 5474.432 Executing non-safepoint VM operation: RendezvousGCThreads
Event: 5474.432 Executing non-safepoint VM operation: RendezvousGCThreads done
Event: 5655.021 Executing non-safepoint VM operation: HandshakeAllThreads (HandshakeForDeflation)
Event: 5655.023 Executing non-safepoint VM operation: HandshakeAllThreads (HandshakeForDeflation) done
Event: 5655.023 Executing non-safepoint VM operation: RendezvousGCThreads
Event: 5655.023 Executing non-safepoint VM operation: RendezvousGCThreads done
Event: 5715.090 Executing non-safepoint VM operation: HandshakeAllThreads (HandshakeForDeflation)
Event: 5715.090 Executing non-safepoint VM operation: HandshakeAllThreads (HandshakeForDeflation) done
Event: 5715.090 Executing non-safepoint VM operation: RendezvousGCThreads
Event: 5715.090 Executing non-safepoint VM operation: RendezvousGCThreads done
Event: 5835.383 Executing non-safepoint VM operation: HandshakeAllThreads (HandshakeForDeflation)
Event: 5835.384 Executing non-safepoint VM operation: HandshakeAllThreads (HandshakeForDeflation) done
Event: 5835.384 Executing non-safepoint VM operation: RendezvousGCThreads
Event: 5835.384 Executing non-safepoint VM operation: RendezvousGCThreads done

Memory protections (0 events):
No events

Nmethod flushes (20 events):
Event: 213.579 Thread 0x000002c3724a3530 flushing  nmethod 0x000002c300f2e790
Event: 213.579 Thread 0x000002c3724a3530 flushing  nmethod 0x000002c300f2eb10
Event: 213.579 Thread 0x000002c3724a3530 flushing osr nmethod 0x000002c300f39010
Event: 213.579 Thread 0x000002c3724a3530 flushing  nmethod 0x000002c300f39990
Event: 213.579 Thread 0x000002c3724a3530 flushing  nmethod 0x000002c300f43090
Event: 213.579 Thread 0x000002c3724a3530 flushing  nmethod 0x000002c300f4f690
Event: 213.579 Thread 0x000002c3724a3530 flushing  nmethod 0x000002c300f51010
Event: 213.579 Thread 0x000002c3724a3530 flushing  nmethod 0x000002c300f51590
Event: 213.579 Thread 0x000002c3724a3530 flushing  nmethod 0x000002c300f54b10
Event: 213.579 Thread 0x000002c3724a3530 flushing  nmethod 0x000002c300f55690
Event: 213.579 Thread 0x000002c3724a3530 flushing  nmethod 0x000002c300f55a10
Event: 213.579 Thread 0x000002c3724a3530 flushing  nmethod 0x000002c300f57610
Event: 213.579 Thread 0x000002c3724a3530 flushing  nmethod 0x000002c300f5e390
Event: 213.579 Thread 0x000002c3724a3530 flushing  nmethod 0x000002c300fccf90
Event: 213.579 Thread 0x000002c3724a3530 flushing osr nmethod 0x000002c300fde310
Event: 213.579 Thread 0x000002c3724a3530 flushing  nmethod 0x000002c300fe6b10
Event: 213.579 Thread 0x000002c3724a3530 flushing  nmethod 0x000002c300fe6f10
Event: 213.580 Thread 0x000002c3724a3530 flushing  nmethod 0x000002c300fe9410
Event: 213.580 Thread 0x000002c3724a3530 flushing  nmethod 0x000002c300ffc910
Event: 213.580 Thread 0x000002c3724a3530 flushing  nmethod 0x000002c3010ac310

Events (20 events):
Event: 606.313 Thread 0x000002c35531da30 Thread exited: 0x000002c35531da30
Event: 655.138 Thread 0x000002c355322260 Thread exited: 0x000002c355322260
Event: 664.602 Thread 0x000002c35476bb40 Thread exited: 0x000002c35476bb40
Event: 666.100 Thread 0x000002c3563c4410 Thread exited: 0x000002c3563c4410
Event: 666.356 Thread 0x000002c35476cef0 Thread exited: 0x000002c35476cef0
Event: 715.218 Thread 0x000002c3553228f0 Thread exited: 0x000002c3553228f0
Event: 726.104 Thread 0x000002c3563c0f90 Thread exited: 0x000002c3563c0f90
Event: 786.122 Thread 0x000002c3563c1620 Thread exited: 0x000002c3563c1620
Event: 846.132 Thread 0x000002c3563c4aa0 Thread exited: 0x000002c3563c4aa0
Event: 884.401 Thread 0x000002c355321bd0 Thread added: 0x000002c3563c4410
Event: 1027.682 Thread 0x000002c3563c4410 Thread exited: 0x000002c3563c4410
Event: 1087.996 Thread 0x000002c3563c3060 Thread exited: 0x000002c3563c3060
Event: 1118.524 Thread 0x000002c3563c36f0 Thread added: 0x000002c3563c0f90
Event: 1118.923 Thread 0x000002c3563c0f90 Thread added: 0x000002c3563c3060
Event: 1180.940 Thread 0x000002c3563c0f90 Thread exited: 0x000002c3563c0f90
Event: 1241.283 Thread 0x000002c3563c36f0 Thread exited: 0x000002c3563c36f0
Event: 1269.590 Thread 0x000002c355321bd0 Thread added: 0x000002c3563c36f0
Event: 1335.582 Thread 0x000002c3563c36f0 Thread exited: 0x000002c3563c36f0
Event: 1395.645 Thread 0x000002c3563c3060 Thread exited: 0x000002c3563c3060
Event: 1456.389 Thread 0x000002c3563c5130 Thread exited: 0x000002c3563c5130


Dynamic libraries:
0x00007ff71da90000 - 0x00007ff71da9e000 	c:\Users\roiga\.cursor\extensions\redhat.java-1.54.0-win32-x64\jre\21.0.10-win32-x86_64\bin\java.exe
0x00007ffce2400000 - 0x00007ffce2666000 	C:\WINDOWS\SYSTEM32\ntdll.dll
0x00007ffce1870000 - 0x00007ffce1939000 	C:\WINDOWS\System32\KERNEL32.DLL
0x00007ffcdf690000 - 0x00007ffcdfa8a000 	C:\WINDOWS\System32\KERNELBASE.dll
0x00007ffcdc1f0000 - 0x00007ffcdc290000 	C:\WINDOWS\SYSTEM32\apphelp.dll
0x00007ffcdfdd0000 - 0x00007ffcdff1c000 	C:\WINDOWS\System32\ucrtbase.dll
0x00007ffccaf80000 - 0x00007ffccaf98000 	c:\Users\roiga\.cursor\extensions\redhat.java-1.54.0-win32-x64\jre\21.0.10-win32-x86_64\bin\jli.dll
0x00007ffce09c0000 - 0x00007ffce0b87000 	C:\WINDOWS\System32\USER32.dll
0x00007ffce0090000 - 0x00007ffce00b7000 	C:\WINDOWS\System32\win32u.dll
0x00007ffce1ca0000 - 0x00007ffce1ccb000 	C:\WINDOWS\System32\GDI32.dll
0x00007ffcdfb20000 - 0x00007ffcdfc4b000 	C:\WINDOWS\System32\gdi32full.dll
0x00007ffcdffe0000 - 0x00007ffce0083000 	C:\WINDOWS\System32\msvcp_win.dll
0x00007ffccdb00000 - 0x00007ffccdb1e000 	c:\Users\roiga\.cursor\extensions\redhat.java-1.54.0-win32-x64\jre\21.0.10-win32-x86_64\bin\VCRUNTIME140.dll
0x00007ffcca9c0000 - 0x00007ffccac52000 	C:\WINDOWS\WinSxS\amd64_microsoft.windows.common-controls_6595b64144ccf1df_6.0.26100.8521_none_3e08b75ce33403b3\COMCTL32.dll
0x00007ffce0db0000 - 0x00007ffce0e59000 	C:\WINDOWS\System32\msvcrt.dll
0x00007ffce20e0000 - 0x00007ffce2112000 	C:\WINDOWS\System32\IMM32.DLL
0x00007ffccdaf0000 - 0x00007ffccdafc000 	c:\Users\roiga\.cursor\extensions\redhat.java-1.54.0-win32-x64\jre\21.0.10-win32-x86_64\bin\vcruntime140_1.dll
0x00007ffcae6f0000 - 0x00007ffcae77d000 	c:\Users\roiga\.cursor\extensions\redhat.java-1.54.0-win32-x64\jre\21.0.10-win32-x86_64\bin\msvcp140.dll
0x00007ffc43d60000 - 0x00007ffc44b01000 	c:\Users\roiga\.cursor\extensions\redhat.java-1.54.0-win32-x64\jre\21.0.10-win32-x86_64\bin\server\jvm.dll
0x00007ffce0170000 - 0x00007ffce0226000 	C:\WINDOWS\System32\ADVAPI32.dll
0x00007ffce12d0000 - 0x00007ffce137a000 	C:\WINDOWS\System32\sechost.dll
0x00007ffce2120000 - 0x00007ffce2238000 	C:\WINDOWS\System32\RPCRT4.dll
0x00007ffce1ba0000 - 0x00007ffce1c20000 	C:\WINDOWS\System32\WS2_32.dll
0x00007ffcdf4f0000 - 0x00007ffcdf54e000 	C:\WINDOWS\SYSTEM32\POWRPROF.dll
0x00007ffccac60000 - 0x00007ffccac96000 	C:\WINDOWS\SYSTEM32\WINMM.dll
0x00007ffcd5560000 - 0x00007ffcd556b000 	C:\WINDOWS\SYSTEM32\VERSION.dll
0x00007ffcdf4d0000 - 0x00007ffcdf4e4000 	C:\WINDOWS\SYSTEM32\UMPDC.dll
0x00007ffcde3e0000 - 0x00007ffcde3fb000 	C:\WINDOWS\SYSTEM32\kernel.appcore.dll
0x00007ffccd8f0000 - 0x00007ffccd8fa000 	c:\Users\roiga\.cursor\extensions\redhat.java-1.54.0-win32-x64\jre\21.0.10-win32-x86_64\bin\jimage.dll
0x00007ffcdc580000 - 0x00007ffcdc7c2000 	C:\WINDOWS\SYSTEM32\DBGHELP.DLL
0x00007ffce1cd0000 - 0x00007ffce2053000 	C:\WINDOWS\System32\combase.dll
0x00007ffce1000000 - 0x00007ffce10d9000 	C:\WINDOWS\System32\OLEAUT32.dll
0x00007ffcc6870000 - 0x00007ffcc68ab000 	C:\WINDOWS\SYSTEM32\dbgcore.DLL
0x00007ffce00c0000 - 0x00007ffce0168000 	C:\WINDOWS\System32\bcryptPrimitives.dll
0x00007ffccbfc0000 - 0x00007ffccbfcf000 	c:\Users\roiga\.cursor\extensions\redhat.java-1.54.0-win32-x64\jre\21.0.10-win32-x86_64\bin\instrument.dll
0x00007ffccce70000 - 0x00007ffccce90000 	c:\Users\roiga\.cursor\extensions\redhat.java-1.54.0-win32-x64\jre\21.0.10-win32-x86_64\bin\java.dll
0x00007ffce0230000 - 0x00007ffce09b4000 	C:\WINDOWS\System32\SHELL32.dll
0x00007ffcdd230000 - 0x00007ffcddab0000 	C:\WINDOWS\SYSTEM32\windows.storage.dll
0x00007ffce0f00000 - 0x00007ffce0ff6000 	C:\WINDOWS\System32\SHCORE.dll
0x00007ffce0b90000 - 0x00007ffce0bf7000 	C:\WINDOWS\System32\shlwapi.dll
0x00007ffcdf5b0000 - 0x00007ffcdf5d9000 	C:\WINDOWS\SYSTEM32\profapi.dll
0x00007ffccbfd0000 - 0x00007ffccbfe8000 	c:\Users\roiga\.cursor\extensions\redhat.java-1.54.0-win32-x64\jre\21.0.10-win32-x86_64\bin\zip.dll
0x00007ffccce60000 - 0x00007ffccce70000 	C:\Users\roiga\.cursor\extensions\redhat.java-1.54.0-win32-x64\jre\21.0.10-win32-x86_64\bin\net.dll
0x00007ffcd22d0000 - 0x00007ffcd23f9000 	C:\WINDOWS\SYSTEM32\WINHTTP.dll
0x00007ffcde930000 - 0x00007ffcde99c000 	C:\WINDOWS\system32\mswsock.dll
0x00007ffcc4d50000 - 0x00007ffcc4d66000 	C:\Users\roiga\.cursor\extensions\redhat.java-1.54.0-win32-x64\jre\21.0.10-win32-x86_64\bin\nio.dll
0x00007ffccce50000 - 0x00007ffccce60000 	c:\Users\roiga\.cursor\extensions\redhat.java-1.54.0-win32-x64\jre\21.0.10-win32-x86_64\bin\verify.dll
0x00007ffccb1f0000 - 0x00007ffccb235000 	C:\Users\roiga\AppData\Roaming\Cursor\User\globalStorage\redhat.java\1.54.0\config_win\org.eclipse.equinox.launcher\org.eclipse.equinox.launcher.win32.win32.x86_64_1.3.0.v20260203-2149\eclipse_11919.dll
0x00007ffce1940000 - 0x00007ffce1ad8000 	C:\WINDOWS\System32\ole32.dll
0x00007ffcded30000 - 0x00007ffcded4b000 	C:\WINDOWS\SYSTEM32\CRYPTSP.dll
0x00007ffcde340000 - 0x00007ffcde379000 	C:\WINDOWS\system32\rsaenh.dll
0x00007ffcde9e0000 - 0x00007ffcdea13000 	C:\WINDOWS\SYSTEM32\USERENV.dll
0x00007ffcdf580000 - 0x00007ffcdf5aa000 	C:\WINDOWS\SYSTEM32\bcrypt.dll
0x00007ffcdeb90000 - 0x00007ffcdeb9c000 	C:\WINDOWS\SYSTEM32\CRYPTBASE.dll
0x00007ffcdde70000 - 0x00007ffcddea3000 	C:\WINDOWS\SYSTEM32\IPHLPAPI.DLL
0x00007ffce1c90000 - 0x00007ffce1c9a000 	C:\WINDOWS\System32\NSI.dll
0x00007ffcae8b0000 - 0x00007ffcae8f9000 	C:\Users\roiga\AppData\Local\Temp\jna-108692390\jna3705621975811303707.dll
0x00007ffce1c30000 - 0x00007ffce1c38000 	C:\WINDOWS\System32\PSAPI.DLL
0x00007ffcd5660000 - 0x00007ffcd567d000 	C:\WINDOWS\SYSTEM32\dhcpcsvc6.DLL
0x00007ffcd5630000 - 0x00007ffcd5655000 	C:\WINDOWS\SYSTEM32\dhcpcsvc.DLL
0x00007ffccb2c0000 - 0x00007ffccb2ce000 	C:\Users\roiga\.cursor\extensions\redhat.java-1.54.0-win32-x64\jre\21.0.10-win32-x86_64\bin\sunmscapi.dll
0x00007ffcdfc50000 - 0x00007ffcdfdc8000 	C:\WINDOWS\System32\CRYPT32.dll
0x00007ffcdee90000 - 0x00007ffcdeec0000 	C:\WINDOWS\SYSTEM32\ncrypt.dll
0x00007ffcdee40000 - 0x00007ffcdee7f000 	C:\WINDOWS\SYSTEM32\NTASN1.dll
0x00007ffcddf40000 - 0x00007ffcde08a000 	C:\WINDOWS\SYSTEM32\DNSAPI.dll
0x00007ffcde750000 - 0x00007ffcde75d000 	C:\WINDOWS\SYSTEM32\DSPARSE.dll
0x00007ffccf2d0000 - 0x00007ffccf2db000 	C:\Windows\System32\rasadhlp.dll
0x00007ffcd0610000 - 0x00007ffcd0696000 	C:\WINDOWS\System32\fwpuclnt.dll
0x00007ffccb2b0000 - 0x00007ffccb2b9000 	C:\Users\roiga\.cursor\extensions\redhat.java-1.54.0-win32-x64\jre\21.0.10-win32-x86_64\bin\extnet.dll
0x00007ffcde500000 - 0x00007ffcde536000 	C:\WINDOWS\SYSTEM32\ntmarta.dll

JVMTI agents:
c:\Users\roiga\.cursor\extensions\redhat.java-1.54.0-win32-x64\lombok\lombok-1.18.39-4050.jar path:c:\Users\roiga\.cursor\extensions\redhat.java-1.54.0-win32-x64\jre\21.0.10-win32-x86_64\bin\instrument.dll, loaded, initialized, instrumentlib options:none

dbghelp: loaded successfully - version: 4.0.5 - missing functions: none
symbol engine: initialized successfully - sym options: 0x614 - pdb path: .;c:\Users\roiga\.cursor\extensions\redhat.java-1.54.0-win32-x64\jre\21.0.10-win32-x86_64\bin;C:\WINDOWS\SYSTEM32;C:\WINDOWS\WinSxS\amd64_microsoft.windows.common-controls_6595b64144ccf1df_6.0.26100.8521_none_3e08b75ce33403b3;c:\Users\roiga\.cursor\extensions\redhat.java-1.54.0-win32-x64\jre\21.0.10-win32-x86_64\bin\server;C:\Users\roiga\AppData\Roaming\Cursor\User\globalStorage\redhat.java\1.54.0\config_win\org.eclipse.equinox.launcher\org.eclipse.equinox.launcher.win32.win32.x86_64_1.3.0.v20260203-2149;C:\Users\roiga\AppData\Local\Temp\jna-108692390

VM Arguments:
jvm_args: --add-modules=ALL-SYSTEM --add-opens=java.base/java.util=ALL-UNNAMED --add-opens=java.base/java.lang=ALL-UNNAMED --add-opens=java.base/sun.nio.fs=ALL-UNNAMED -Declipse.application=org.eclipse.jdt.ls.core.id1 -Dosgi.bundles.defaultStartLevel=4 -Declipse.product=org.eclipse.jdt.ls.core.product -Djava.import.generatesMetadataFilesAtProjectRoot=false -DDetectVMInstallationsJob.disabled=true -Dfile.encoding=utf8 -XX:+UseParallelGC -XX:GCTimeRatio=4 -XX:AdaptiveSizePolicyWeight=90 -Dsun.zip.disableMemoryMapping=true -Xmx2G -Xms100m -Xlog:disable -javaagent:c:\Users\roiga\.cursor\extensions\redhat.java-1.54.0-win32-x64\lombok\lombok-1.18.39-4050.jar -XX:+HeapDumpOnOutOfMemoryError -XX:HeapDumpPath=c:\Users\roiga\AppData\Roaming\Cursor\User\workspaceStorage\56e6aacf3acd6f67362f78f1046d6685\redhat.java -Daether.dependencyCollector.impl=bf 
java_command: c:\Users\roiga\.cursor\extensions\redhat.java-1.54.0-win32-x64\server\plugins\org.eclipse.equinox.launcher_1.7.100.v20251111-0406.jar -configuration c:\Users\roiga\AppData\Roaming\Cursor\User\globalStorage\redhat.java\1.54.0\config_win -data c:\Users\roiga\AppData\Roaming\Cursor\User\workspaceStorage\56e6aacf3acd6f67362f78f1046d6685\redhat.java\jdt_ws --pipe=\\.\pipe\lsp-10cf6aeef13576de248847b3c8bc9b47-sock
java_class_path (initial): c:\Users\roiga\.cursor\extensions\redhat.java-1.54.0-win32-x64\server\plugins\org.eclipse.equinox.launcher_1.7.100.v20251111-0406.jar
Launcher Type: SUN_STANDARD

[Global flags]
    uintx AdaptiveSizePolicyWeight                 = 90                                        {product} {command line}
     intx CICompilerCount                          = 4                                         {product} {ergonomic}
    uintx GCTimeRatio                              = 4                                         {product} {command line}
     bool HeapDumpOnOutOfMemoryError               = true                                   {manageable} {command line}
    ccstr HeapDumpPath                             = c:\Users\roiga\AppData\Roaming\Cursor\User\workspaceStorage\56e6aacf3acd6f67362f78f1046d6685\redhat.java         {manageable} {command line}
   size_t InitialHeapSize                          = 104857600                                 {product} {command line}
   size_t MaxHeapSize                              = 2147483648                                {product} {command line}
   size_t MaxNewSize                               = 715653120                                 {product} {ergonomic}
   size_t MinHeapDeltaBytes                        = 524288                                    {product} {ergonomic}
   size_t MinHeapSize                              = 104857600                                 {product} {command line}
   size_t NewSize                                  = 34603008                                  {product} {ergonomic}
    uintx NonNMethodCodeHeapSize                   = 5839372                                {pd product} {ergonomic}
    uintx NonProfiledCodeHeapSize                  = 122909434                              {pd product} {ergonomic}
   size_t OldSize                                  = 70254592                                  {product} {ergonomic}
    uintx ProfiledCodeHeapSize                     = 122909434                              {pd product} {ergonomic}
    uintx ReservedCodeCacheSize                    = 251658240                              {pd product} {ergonomic}
     bool SegmentedCodeCache                       = true                                      {product} {ergonomic}
   size_t SoftMaxHeapSize                          = 2147483648                             {manageable} {ergonomic}
     bool UseCompressedOops                        = true                           {product lp64_product} {ergonomic}
     bool UseLargePagesIndividualAllocation        = false                                  {pd product} {ergonomic}
     bool UseParallelGC                            = true                                      {product} {command line}

Logging:
Log output configuration:
 #0: stdout all=off uptime,level,tags foldmultilines=false
 #1: stderr all=off uptime,level,tags foldmultilines=false

Release file:
JAVA_VERSION="21.0.10" 
MODULES="java.base java.compiler java.datatransfer java.xml java.prefs java.desktop java.instrument java.logging java.management java.security.sasl java.naming java.rmi java.management.rmi java.net.http java.scripting java.security.jgss java.transaction.xa java.sql java.sql.rowset java.xml.crypto java.se java.smartcardio jdk.accessibility jdk.internal.jvmstat jdk.attach jdk.charsets jdk.internal.opt jdk.zipfs jdk.compiler jdk.crypto.ec jdk.crypto.cryptoki jdk.crypto.mscapi jdk.dynalink jdk.internal.ed jdk.editpad jdk.hotspot.agent jdk.httpserver jdk.internal.le jdk.internal.vm.ci jdk.internal.vm.compiler jdk.internal.vm.compiler.management jdk.jartool jdk.javadoc jdk.jcmd jdk.management jdk.management.agent jdk.jconsole jdk.jdeps jdk.jdwp.agent jdk.jdi jdk.jfr jdk.jshell jdk.jsobject jdk.jstatd jdk.localedata jdk.management.jfr jdk.naming.dns jdk.naming.rmi jdk.net jdk.nio.mapmode jdk.random jdk.sctp jdk.security.auth jdk.security.jgss jdk.unsupported jdk.unsupported.desktop jdk.xml.dom" 

Environment Variables:
PATH=C:\Python312\Scripts\;C:\Python312\;C:\WINDOWS\system32;C:\WINDOWS;C:\WINDOWS\System32\Wbem;C:\WINDOWS\System32\WindowsPowerShell\v1.0\;C:\WINDOWS\System32\OpenSSH\;C:\Program Files\Git\cmd;C:\ProgramData\chocolatey\bin;C:\java\jdk-21\bin;C:\apache-maven-3.9.8\bin;C:\Program Files\Docker\Docker\resources\bin;C:\telosys-cli-4.1.1-001;C:\sqlite;C:\Program Files (x86)\Microsoft SQL Server\160\Tools\Binn\;C:\Program Files\Microsoft SQL Server\160\Tools\Binn\;C:\Program Files\Microsoft SQL Server\Client SDK\ODBC\170\Tools\Binn\;C:\Program Files\Microsoft SQL Server\160\DTS\Binn\;C:\Program Files (x86)\Microsoft SQL Server\160\DTS\Binn\;C:\env datas\telosys-cli-4.1.1-001;C:\Program Files\OpenSSL-Win64\bin;C:\xampp\mysql\bin;C:\Program Files\wso2\wso2am-4.3.0bin;C:\Program Files\Memurai\;C:\Program Files\Redis\;C:\ffmpeg\bin;C:\Program Files\nodejs\;C:\Program Files\MySQL\MySQL Shell 8.0\bin\;C:\Users\roiga\AppData\Local\Microsoft\WindowsApps;C:\Users\roiga\AppData\Local\Programs\Microsoft VS Code\bin;C:\Users\roiga\AppData\Local\atom\bin;C:\Users\roiga\AppData\Local\Microsoft\WinGet\Packages\Schniz.fnm_Microsoft.Winget.Source_8wekyb3d8bbwe;C:\Program Files\OpenSSL-Win64\bin;C:\Users\roiga\AppData\Local\Microsoft\WindowsApps;C:\Users\roiga\AppData\Roaming\npm;C:\Users\roiga\AppData\Local\Programs\cursor\resources\app\bin;C:\Users\roiga\AppData\Local\Pandoc\;C:\Users\SYNELIA_DEV_OUNEB\.local\bin;C:\Users\roiga\.local\bin;C:\Users\roiga\AppData\Roaming\npm
USERNAME=roiga
OS=Windows_NT
PROCESSOR_IDENTIFIER=Intel64 Family 6 Model 142 Stepping 12, GenuineIntel
TMP=C:\Users\roiga\AppData\Local\Temp
TEMP=C:\Users\roiga\AppData\Local\Temp




Periodic native trim disabled

---------------  S Y S T E M  ---------------

OS:
 Windows 11 , 64 bit Build 26100 (10.0.26100.8521)
OS uptime: 1 days 14:22 hours
Hyper-V role detected

CPU: total 8 (initial active 8) (4 cores per cpu, 2 threads per core) family 6 model 142 stepping 12 microcode 0xde, cx8, cmov, fxsr, ht, mmx, 3dnowpref, sse, sse2, sse3, ssse3, sse4.1, sse4.2, popcnt, lzcnt, tsc, tscinvbit, avx, avx2, aes, erms, clmul, bmi1, bmi2, adx, fma, vzeroupper, clflush, clflushopt, hv, rdtscp, f16c
Processor Information for the first 8 processors :
  Max Mhz: 2112, Current Mhz: 1609, Mhz Limit: 1605

Memory: 4k page, system-wide physical 8025M (1178M free)
TotalPageFile size 32601M (AvailPageFile size 21M)
current process WorkingSet (physical memory assigned to process): 8M, peak: 389M
current process commit charge ("private bytes"): 674M, peak: 725M

vm_info: OpenJDK 64-Bit Server VM (21.0.10+7-LTS) for windows-amd64 JRE (21.0.10+7-LTS), built on 2026-01-20T00:00:00Z by "admin" with MS VC++ 17.12 (VS2022)

END.
